******************************************************************************
            TI ARM Clang Linker Unix v1.2.1                    
******************************************************************************
>> Linked Mon Feb 20 18:19:46 2023

OUTPUT FILE NAME:   <simple_peripheral_oad_onchip_CC1352P_2_LAUNCHXL_tirtos7_ticlang.out>
ENTRY POINT SYMBOL: "_c_int00"  address: 00025555


MEMORY CONFIGURATION

         name            origin    length      used     unused   attr    fill
----------------------  --------  ---------  --------  --------  ----  --------
  FLASH_IMG_HDR         00000000   00000090  0000008d  00000003  R  X
  ENTRY                 00000090   00000040  0000003c  00000004  R  X
  FLASH                 000000d0   00037f30  00032890  000056a0  R  X
  $BOUND$0x48000        00048000   00004000  00004000  00000000  R IX
  RTOS_SRAM             20000000   0000012c  000000d8  00000054  RW X
  SRAM                  20000fdf   00013021  0000387b  0000f7a6  RW X


SEGMENT ALLOCATION MAP

run origin  load origin   length   init length attrs members
----------  ----------- ---------- ----------- ----- -------
00000000    00000000    0002e960   0002e960    r-x
  00000000    00000000    0000008d   0000008d    r-- .image_header
  00000090    00000090    0000003c   0000003c    r-- .resetVecs
  000000d0    000000d0    0002947c   0002947c    r-x .text
  0002954c    0002954c    00004081   00004081    r-- .rodata
  0002d5d0    0002d5d0    00001390   00001390    r-- .cinit
00034000    00034000    00004000   00000000    rw-
  00034000    00034000    00004000   00000000    rw- .TI.bound:flashBuf0
00048000    00048000    00004000   00000000    rw-
  00048000    00048000    00004000   00000000    rw- .TI.bound:flashBuf1
20001810    20001810    00000010   00000000    rw-
  20001810    20001810    00000010   00000000    rw- .TI.bound:dmaUart0RxControlTableEntry
20001820    20001820    00000010   00000000    rw-
  20001820    20001820    00000010   00000000    rw- .TI.bound:dmaUart0TxControlTableEntry
20001830    20001830    00000010   00000000    rw-
  20001830    20001830    00000010   00000000    rw- .TI.bound:dmaSpi0RxControlTableEntry
20001840    20001840    00000010   00000000    rw-
  20001840    20001840    00000010   00000000    rw- .TI.bound:dmaSpi0TxControlTableEntry
20001a30    20001a30    00000010   00000000    rw-
  20001a30    20001a30    00000010   00000000    rw- .TI.bound:dmaSpi0RxAltControlTableEntry
20001a40    20001a40    0000342b   00000000    rw-
  20001a40    20001a40    00000010   00000000    rw- .TI.bound:dmaSpi0TxAltControlTableEntry
  20001a50    20001a50    00001300   00000000    rw- .data
  20002d50    20002d50    0000211b   00000000    rw- .bss
20013c00    20013c00    00000400   00000000    rw-
  20013c00    20013c00    00000400   00000000    rw- .stack


SECTION ALLOCATION MAP

 output                                  attributes/
section   page    origin      length       input sections
--------  ----  ----------  ----------   ----------------
.image_header 
*          0    00000000    0000008d     
                  00000000    0000008d     oad_image_header_app.o (.image_header)

.resetVecs 
*          0    00000090    0000003c     
                  00000090    0000003c     ti_sysbios_config.o (.resetVecs)

.intvecs   0    000000cc    00000000     UNINITIALIZED

EntrySection 
*          0    000000cc    00000000     UNINITIALIZED

.text      0    000000d0    0002947c     
                  000000d0    00000be0     StackWrapper.a : gapbondmgr.o (.text)
                  00000cb0    00000786     oad.o (.text.oadProcessExtControlCmd)
                  00001436    00000002     ti_sysbios_config.o (.text.BIOS_nullFunc)
                  00001438    000006ec     StackWrapper.a : gapbondmgr.o (.text)
                  00001b24    000006d8     OneLib.a : ll_adv_end_causes.o (.text)
                  000021fc    00000548     BQ27441.o (.text.BQ27441_initConfig)
                  00002744    000004d0     OneLib.a : ll_ae.o (.text)
                  00002c14    000004ae     oad.o (.text.oadImgBlockWrite)
                  000030c2    00000002     ti_drivers_config.o (.text.Board_initHook)
                  000030c4    00000498     rf_multiMode_cc13x2.a : RFCC26X2_multiMode.c.cc13x2.ticlang.o (.text.RF_fsmActiveState)
                  0000355c    00000480     OneLib.a : ble.o (.text)
                  000039dc    0000047c              : ll_isr.o (.text)
                  00003e58    00000462     simple_peripheral_oad_onchip.o (.text.SimplePeripheral_processCmdCompleteEvt)
                  000042ba    00000002     drivers_cc13x2.a : I2C.c.obj (.text.I2C_init)
                  000042bc    00000448     OneLib.a : ll.o (.text)
                  00004704    0000043c              : ll_slave_end_causes.o (.text)
                  00004b40    000003fc     sensortag_mov.o (.text.SensorTagMov_processSensorEvent)
                  00004f3c    000003e0     BNO055.o (.text.bno055_write_mag_offset)
                  0000531c    000003d0     BNO055.o (.text.bno055_write_accel_offset)
                  000056ec    0000038c     OneLib.a : ll_scheduler.o (.text)
                  00005a78    0000034a     oad.o (.text.OAD_processQueue)
                  00005dc2    00000348     OneLib.a : ll_ae.o (.text)
                  0000610a    00000002     rom_init.o (.text.MAP_llClearPeriodicScanSets)
                  0000610c    00000340     OneLib.a : ll_slave_end_causes.o (.text)
                  0000644c    0000033e     sensortag_mov.o (.text.SensorTagMov_processCharChangeEvt)
                  0000678a    00000002     rom_init.o (.text.MAP_llDmmDynamicFree)
                  0000678c    00000338     OneLib.a : ll_ae.o (.text)
                  00006ac4    00000334              : ll_scheduler.o (.text)
                  00006df8    0000032e     simple_peripheral_oad_onchip.o (.text.SimplePeripheral_init)
                  00007126    00000320     bnoservice.o (.text.sensor_WriteAttrCB_bno)
                  00007446    00000314     BNO055.o (.text.bno055_write_gyro_offset)
                  0000775a    00000002     rom_init.o (.text.MAP_llMaster_TaskEnd)
                  0000775c    0000030c     OneLib.a : ll_ae.o (.text)
                  00007a68    000002d8     sensortag_wind.o (.text.SensorTagWind_readData)
                  00007d40    000002cc     nvocmp.o (.text.NVOCMP_initNv)
                  0000800c    000002c8     drivers_cc13x2.a : SPICC26X2DMA.c.obj (.text.SPICC26X2DMA_transfer)
                  000082d4    000002b0     StackWrapper.a : gapbondmgr.o (.text)
                  00008584    0000029c     crc32.o (.text.CRC32_calc)
                  00008820    0000029c     rf_multiMode_cc13x2.a : RFCC26X2_multiMode.c.cc13x2.ticlang.o (.text.RF_open)
                  00008abc    00000294     OneLib.a : ll.o (.text)
                  00008d50    00000294              : ll_ae.o (.text)
                  00008fe4    00000292     nvocmp.o (.text.NVOCMP_compact)
                  00009276    00000002     rom_init.o (.text.MAP_llProcessPeriodicScanRxFIFO)
                  00009278    0000028e     simple_peripheral_oad_onchip.o (.text.SimplePeripheral_processGapMessage)
                  00009506    0000028c     simple_peripheral_oad_onchip.o (.text.OpenWindFlash_Read)
                  00009792    00000278     nvocmp.o (.text.NVOCMP_writeItem)
                  00009a0a    00000276     ble_user_config_stack.o (.text.setBleUserConfig)
                  00009c80    00000274     OneLib.a : ll_ae.o (.text)
                  00009ef4    00000274              : ll_isr.o (.text)
                  0000a168    00000268              : ll_isr.o (.text)
                  0000a3d0    00000260     devinfoservice.o (.text.devInfo_ReadAttrCB)
                  0000a630    0000025c     OneLib.a : ll_common.o (.text)
                  0000a88c    0000025c     StackWrapper.a : gapbondmgr.o (.text)
                  0000aae8    00000254     drivers_cc13x2.a : ECDHCC26X2.c.obj (.text.ECDHCC26X2_hwiFxn)
                  0000ad3c    00000244     OneLib.a : ll_data.o (.text)
                  0000af80    00000240     devinfoservice.o (.text.DevInfo_SetParameter)
                  0000b1c0    00000226     nvocmp.o (.text.NVOCMP_findItem)
                  0000b3e6    00000002     rom_init.o (.text.MAP_llTerminatePeriodicScan)
                  0000b3e8    0000021c     bnoservice.o (.text.Movement_setParameter_bno)
                  0000b604    00000214     simple_peripheral_oad_onchip.o (.text.OpenWindFlash_Write)
                  0000b818    00000214     simple_peripheral_oad_onchip.o (.text.SimplePeripheral_taskFxn)
                  0000ba2c    00000204     OneLib.a : gattservapp.o (.text)
                  0000bc30    00000202     nvocmp.o (.text.NVOCMP_compactPage)
                  0000be32    00000200     windservice.o (.text.Wind_WriteAttrCB)
                  0000c032    00000002     rf_multiMode_cc13x2.a : rfc.c.cc13x2.ticlang.o (.text.NOROM_RFCCpePatchReset)
                  0000c034    000001fa     ti_sysbios_config.o (.text.ti_sysbios_family_arm_m3_Hwi_excFillContext)
                  0000c22e    00000002     simple_peripheral_oad_onchip.o (.text.OpenWind_GPS_Task)
                  0000c230    000001f8     sensortag_wind.o (.text.TrueWind_measNotify)
                  0000c428    000001f4     nvocmp.o (.text.NVOCMP_addItem)
                  0000c61c    000001f0     OneLib.a : ll.o (.text)
                  0000c80c    000001e8     rf_multiMode_cc13x2.a : RFCC26X2_multiMode.c.cc13x2.ticlang.o (.text.RF_scheduleCmd)
                  0000c9f4    000001e0     StackWrapper.a : osal.o (.text)
                  0000cbd4    000001dc     rf_multiMode_cc13x2.a : RFCC26X2_multiMode.c.cc13x2.ticlang.o (.text.RF_dispatchNextCmd)
                  0000cdb0    000001dc     OneLib.a : ll_ae.o (.text)
                  0000cf8c    000001dc              : ll_scheduler.o (.text)
                  0000d168    000001d8              : ll_ae.o (.text)
                  0000d340    000001d0     sensortag_mov.o (.text.appStateSet_mov)
                  0000d510    000001ce     BQ27441.o (.text.BQ27441_Read_Values)
                  0000d6de    00000002     simple_peripheral_oad_onchip.o (.text.OpenWind_GPS_Task_READ)
                  0000d6e0    000001cc     OneLib.a : ll_ae.o (.text)
                  0000d8ac    000001c0     AS5055.o (.text.AS5055_Handle_INT_Read_SPI)
                  0000da6c    000001b6     libclang_rt.builtins.a : adddf3.S.obj (.text)
                  0000dc22    00000002     rf_multiMode_cc13x2.a : RFCC26X2_multiMode.c.cc13x2.ticlang.o (.text.RF_defaultCallback)
                  0000dc24    000001b4     sensortag_wind.o (.text.SensorTagWind_processCharChangeEvt)
                  0000ddd8    000001b2     BNO055.o (.text.bno055_init)
                  0000df8a    000001b2     BNO055.o (.text.bno055_set_operation_mode)
                  0000e13c    000001ae     drivers_cc13x2.a : SPICC26X2DMA.c.obj (.text.SPICC26X2DMA_hwiFxn)
                  0000e2ea    000001aa     ti_sysbios_config.o (.text.ti_sysbios_knl_TaskSupport_buildTaskStack)
                  0000e494    000001a8     BNO055.o (.text.bno055_set_axis_remap_value)
                  0000e63c    000001a8     ti_drivers_config.o (.text.rfDriverCallbackAntennaSwitching)
                  0000e7e4    00000198     ti_sysbios_config.o (.text.ti_sysbios_family_arm_cc26xx_Timer_construct)
                  0000e97c    00000198     OneLib.a : ll_common.o (.text)
                  0000eb14    00000194     drivers_cc13x2.a : PowerCC26X2_calibrateRCOSC.c.obj (.text.PowerCC26X2_auxISR)
                  0000eca8    00000192     simple_peripheral_oad_onchip.o (.text.OpenWind_LED_Task)
                  0000ee3a    00000002     libclang_rt.builtins.a : aeabi_div0.c.obj (.text.__aeabi_ldiv0)
                  0000ee3c    00000190     OneLib.a : ll_ae.o (.text)
                  0000efcc    0000018e     ti_sysbios_config.o (.text.ti_sysbios_knl_Task_Instance_init)
                  0000f15a    00000002     libc.a : _lock.c.obj (.text._nop)
                  0000f15c    00000188     drivers_cc13x2.a : AESECBCC26XX.c.obj (.text.AESECB_addDataInternal)
                  0000f2e4    00000188                      : SPICC26X2DMA.c.obj (.text.SPICC26X2DMA_open)
                  0000f46c    00000188     OneLib.a : ll_isr.o (.text)
                  0000f5f4    00000184     oad.o (.text.oadImgIdentifyWrite)
                  0000f778    00000184     OneLib.a : ll_ae.o (.text)
                  0000f8fc    00000180     icall.o (.text.ICall_waitMatch)
                  0000fa7c    0000017c     drivers_cc13x2.a : ECDHCC26X2.c.obj (.text.ECDH_computeSharedSecret)
                  0000fbf8    0000017a     icall.o (.text.ICall_heapMalloc)
                  0000fd72    00000174     nvocmp.o (.text.NVOCMP_initNvApi)
                  0000fee6    00000002     battservice.o (.text.battNotifyLevel)
                  0000fee8    00000174     OneLib.a : gattservapp.o (.text)
                  0001005c    00000174              : ll_scheduler.o (.text)
                  000101d0    0000016c     drivers_cc13x2.a : AESCCMCC26XX.c.obj (.text.AESCCM_startOperation)
                  0001033c    0000016a     bnoservice.o (.text.sensor_ReadAttrCB_bno)
                  000104a6    00000002     simple_peripheral_oad_onchip.o (.text.clear_watchdog)
                  000104a8    00000168     OneLib.a : ll_ae.o (.text)
                  00010610    00000164     simple_peripheral_oad_onchip.o (.text.SimplePeripheral_updatePHYStat)
                  00010774    00000162     oad.o (.text.oadFindExtFlImgAddr)
                  000108d6    00000002     drivers_cc13x2.a : PowerCC26X2.c.obj (.text.emptyClockFunc)
                  000108d8    00000162     StackWrapper.a : osal.o (.text)
                  00010a3a    00000002     drivers_cc13x2.a : CryptoResourceCC26XX.c.obj (.text.errorSpin)
                  00010a3c    00000160                      : SPICC26X2DMA.c.obj (.text.configNextTransfer)
                  00010b9c    00000158                      : AESCTRCC26XX.c.obj (.text.AESCTR_processData)
                  00010cf4    00000158                      : PowerCC26X2.c.obj (.text.Power_sleep)
                  00010e4c    00000156     simple_peripheral_oad_onchip.o (.text.SimplePeripheral_processAppMsg)
                  00010fa2    00000002     drivers_cc13x2.a : PKAResourceCC26XX.c.obj (.text.errorSpin)
                  00010fa4    00000150     OneLib.a : gap_task.o (.text)
                  000110f4    00000150              : ll_ae.o (.text)
                  00011244    0000014c              : ll_isr.o (.text)
                  00011390    00000148     rf_multiMode_cc13x2.a : RFCC26X2_multiMode.c.cc13x2.ticlang.o (.text.RF_radioOpDoneCb)
                  000114d8    00000148     oad.o (.text.oadCheckImageID)
                  00011620    00000144     StackWrapper.a : gap.o (.text)
                  00011764    00000140     OneLib.a : gattservapp.o (.text)
                  000118a4    0000013e     ti_sysbios_config.o (.text.PowerCC26XX_standbyPolicy)
                  000119e2    00000002     ti_sysbios_config.o (.text.ti_sysbios_family_arm_cc26xx_Timer_startup)
                  000119e4    0000013c     drivers_cc13x2.a : I2CCC26XX.c.obj (.text.I2C_open)
                  00011b20    0000013c     oad.o (.text.oadFindExtFlMetaPage)
                  00011c5c    0000013c     ti_sysbios_config.o (.text.ti_sysbios_knl_Clock_workFuncDynamic)
                  00011d98    00000138     sensortag_mov.o (.text.read_calibration_values)
                  00011ed0    00000136     libclang_rt.builtins.a : divdf3.S.obj (.text)
                  00012006    00000002     ti_sysbios_config.o (.text.ti_sysbios_knl_TaskSupport_init)
                  00012008    00000134     rf_multiMode_cc13x2.a : RFCC26X2_multiMode.c.cc13x2.ticlang.o (.text.RF_ratSetupChannel)
                  0001213c    00000134     ti_sysbios_config.o (.text.ti_sysbios_knl_Task_setPri)
                  00012270    00000132     osal_icall_ble.o (.text.osalInitTasks)
                  000123a2    00000002     ti_sysbios_config.o (.text.ti_sysbios_runtime_SysCallback_defaultInit)
                  000123a4    00000130     driverlib.lib : aes.o (.text.NOROM_AESWriteToKeyStore)
                  000124d4    0000012e     nvocmp.o (.text.NVOCMP_erase)
                  00012602    00000002     OneLib.a : ll.o (.text)
                  00012604    0000012c     rf_multiMode_cc13x2.a : RFCC26X2_multiMode.c.cc13x2.ticlang.o (.text.RF_close)
                  00012730    0000012c                           : RFCC26X2_multiMode.c.cc13x2.ticlang.o (.text.RF_fsmSetupState)
                  0001285c    0000012c     drivers_cc13x2.a : TRNGCC26XX.c.obj (.text.TRNGCC26XX_hwiFxn)
                  00012988    00000128     oad.o (.text.oadResetState)
                  00012ab0    00000126     drivers_cc13x2.a : I2C.c.obj (.text.I2C_transferTimeout)
                  00012bd6    00000126     BNO055.o (.text.bno055_read_accel_offset)
                  00012cfc    00000126     BNO055.o (.text.bno055_read_mag_offset)
                  00012e22    00000002     OneLib.a : ll.o (.text)
                  00012e24    00000124     rf_multiMode_cc13x2.a : RFCC26X2_multiMode.c.cc13x2.ticlang.o (.text.RF_abortCmd)
                  00012f48    00000124     OneLib.a : ll_ae.o (.text)
                  0001306c    00000122     drivers_cc13x2.a : SPICC26X2DMA.c.obj (.text.SPICC26X2DMA_transferCancel)
                  0001318e    00000002     StackWrapper.a : common_rom_init.o (.text)
                  00013190    00000122     simple_gatt_profile.o (.text.SimpleProfile_SetParameter)
                  000132b2    00000002     StackWrapper.a : hal_assert.o (.text)
                  000132b4    00000120     OneLib.a : ll_ae.o (.text)
                  000133d4    00000120              : ll_common.o (.text)
                  000134f4    00000120              : ll_data.o (.text)
                  00013614    0000011c     sysbios.a : Hwi_asm_gnu.obj (.text.ti_sysbios_family_arm_m3_Hwi_dispatch)
                  00013730    0000011a     simple_peripheral_oad_onchip.o (.text.SimplePeripheral_clearConnListEntry)
                  0001384a    00000002     StackWrapper.a : hal_assert.o (.text)
                  0001384c    00000118     drivers_cc13x2.a : PowerCC26X2.c.obj (.text.Power_init)
                  00013964    00000118     rf_multiMode_cc13x2.a : RFCC26X2_multiMode.c.cc13x2.ticlang.o (.text.RF_decodeOverridePointers)
                  00013a7c    00000118     ti_ble_config.o (.text.setBondManagerParameters)
                  00013b94    00000116     icall.o (.text.ICall_heapInit)
                  00013caa    00000002     StackWrapper.a : onboard.o (.text)
                  00013cac    00000116     sensortag_mov.o (.text.initCharacteristicValue)
                  00013dc2    00000114     BNO055.o (.text.bno055_set_remap_x_sign)
                  00013ed6    00000114     BNO055.o (.text.bno055_set_remap_y_sign)
                  00013fea    00000112     BNO055.o (.text.bno055_set_power_mode)
                  000140fc    00000112     BNO055.o (.text.bno055_set_remap_z_sign)
                  0001420e    00000112     ti_sysbios_config.o (.text.ti_sysbios_knl_Event_pend)
                  00014320    0000010e     ti_sysbios_config.o (.text.ti_sysbios_knl_Semaphore_pend)
                  0001442e    00000002     --HOLE-- [fill = 0]
                  00014430    0000010c     drivers_cc13x2.a : ECDHCC26X2.c.obj (.text.ECDH_generatePublicKey)
                  0001453c    0000010c     nvocmp.o (.text.NVOCMP_eraseNvApi)
                  00014648    0000010c     nvocmp.o (.text.NVOCMP_writeItemApi)
                  00014754    0000010c     drivers_cc13x2.a : PowerCC26X2_calibrateRCOSC.c.obj (.text.PowerCC26X2_calibrate)
                  00014860    0000010c     OneLib.a : gatt_client.o (.text)
                  0001496c    0000010a     nvocmp.o (.text.NVOCMP_readHeader)
                  00014a76    0000010a     simple_peripheral_oad_onchip.o (.text.SimplePeripheral_addConn)
                  00014b80    0000010a     oad.o (.text.oadSortImgInfo)
                  00014c8a    0000010a     ti_sysbios_config.o (.text.ti_sysbios_knl_Task_Instance_finalize)
                  00014d94    00000108     drivers_cc13x2.a : NVSCC26XX.c.obj (.text.NVSCC26XX_write)
                  00014e9c    00000108     rf_multiMode_cc13x2.a : RFCC26X2_multiMode.c.cc13x2.ticlang.o (.text.RF_fsmPowerUpState)
                  00014fa4    00000108     OneLib.a : ll_scheduler.o (.text)
                  000150ac    00000104     drivers_cc13x2.a : GPIOCC26X2.c.obj (.text.GPIO_init)
                  000151b0    00000104     OneLib.a : ll_ae.o (.text)
                  000152b4    000000fe     ti_sysbios_config.o (.text.ti_sysbios_family_arm_m3_Hwi_Instance_init)
                  000153b2    000000fe     OneLib.a : ll_scheduler.o (.text)
                  000154b0    000000fc     rf_multiMode_cc13x2.a : RFCC26X2_multiMode.c.cc13x2.ticlang.o (.text.RF_hwiCpe0Active)
                  000155ac    000000fc     oad.o (.text.oadCheckDL)
                  000156a8    000000fc     OneLib.a : ll_isr.o (.text)
                  000157a4    000000fc     libclang_rt.builtins.a : muldf3.S.obj (.text)
                  000158a0    000000fa     simple_peripheral_oad_onchip.o (.text.OpenWind_power_down)
                  0001599a    00000002     --HOLE-- [fill = 0]
                  0001599c    000000f8     drivers_cc13x2.a : TRNGCC26XX.c.obj (.text.TRNG_getRandom)
                  00015a94    000000f6                      : AESCTRDRBGXX.c.obj (.text.AESCTRDRBG_getRandomBytes)
                  00015b8a    000000f6     oad.o (.text.oadSendNotification)
                  00015c80    000000f4     driverlib.lib : sys_ctrl.o (.text.NOROM_SysCtrlStandby)
                  00015d74    000000f4     battservice.o (.text.battReadAttrCB)
                  00015e68    000000f4     BNO055.o (.text.bno055_read_euler_hrp)
                  00015f5c    000000f0     OneLib.a : ll_ae.o (.text)
                  0001604c    000000ee     simple_peripheral_oad_onchip.o (.text.OpenWind_power_up)
                  0001613a    000000ee     simple_peripheral_oad_onchip.o (.text.SimplePeripheral_processStackMsg)
                  00016228    000000ee     ti_sysbios_config.o (.text.ti_sysbios_knl_Clock_startI)
                  00016316    00000002     --HOLE-- [fill = 0]
                  00016318    000000ec     OneLib.a : gap_advertiser.o (.text)
                  00016404    000000ec              : ll_common.o (.text)
                  000164f0    000000e8     drivers_cc13x2.a : I2CCC26XX.c.obj (.text.I2CCC26XX_hwiFxn)
                  000165d8    000000e6     oad.o (.text.oadValidateCandidateHdr)
                  000166be    00000002     --HOLE-- [fill = 0]
                  000166c0    000000e4     driverlib.lib : setup.o (.text.NOROM_SetupTrimDevice)
                  000167a4    000000e4     ti_sysbios_config.o (.text.ti_sysbios_family_arm_m3_Hwi_initNVIC)
                  00016888    000000e4     OneLib.a : gapgattserver.o (.text)
                  0001696c    000000e4              : ll_ae.o (.text)
                  00016a50    000000e2     BNO055.o (.text.bno055_set_intr_rst)
                  00016b32    000000e0     nvocmp.o (.text.NVOCMP_compactNvApi)
                  00016c12    00000002     --HOLE-- [fill = 0]
                  00016c14    000000e0     OneLib.a : ll_scheduler.o (.text)
                  00016cf4    000000e0     StackWrapper.a : osal_timers.o (.text)
                  00016dd4    000000de     simple_gatt_profile.o (.text.simpleProfile_ReadAttrCB)
                  00016eb2    000000dc     icall.o (.text.ICall_enrollService)
                  00016f8e    00000002     --HOLE-- [fill = 0]
                  00016f90    000000dc     rf_multiMode_cc13x2.a : RFCC26X2_multiMode.c.cc13x2.ticlang.o (.text.RF_control)
                  0001706c    000000dc     ti_sysbios_config.o (.text.ti_sysbios_knl_Task_checkStacks)
                  00017148    000000dc     OneLib.a : ll_ae.o (.text)
                  00017224    000000da     BNO055.o (.text.bno055_read_quaternion_wxyz)
                  000172fe    000000da     BNO055.o (.text.bno055_set_sys_rst)
                  000173d8    000000d8     drivers_cc13x2.a : SPICC26X2DMA.c.obj (.text.SPICC26X2DMA_control)
                  000174b0    000000d8     windservice.o (.text.Wind_ReadAttrCB)
                  00017588    000000d6     nvocmp.o (.text.NVOCMP_findSignature)
                  0001765e    000000d6     nvocmp.o (.text.NVOCMP_readItemApi)
                  00017734    000000d4     battservice.o (.text.battMeasure)
                  00017808    000000d2     icall.o (.text.HEAPMGR_GETLARGESTFREEBUF)
                  000178da    000000d2     bnoservice.o (.text.Movement_addService_bno)
                  000179ac    000000d2     nvocmp.o (.text.NVOCMP_readItem)
                  00017a7e    000000d0     icall_cc2650.o (.text.ICallPlatform_pwrUpdActivityCounter)
                  00017b4e    000000d0     icall.o (.text.ICall_setTimer)
                  00017c1e    00000002     --HOLE-- [fill = 0]
                  00017c20    000000d0     drivers_cc13x2.a : PowerCC26X2.c.obj (.text.configureXOSCHF)
                  00017cf0    000000ce     nvocmp.o (.text.NVOCMP_checkItem)
                  00017dbe    00000002     --HOLE-- [fill = 0]
                  00017dc0    000000cc     drivers_cc13x2.a : AESCTRDRBGXX.c.obj (.text.AESCTRDRBG_construct)
                  00017e8c    000000cc     BNO055.o (.text.bno055_read_gravity_xyz)
                  00017f58    000000cc     BNO055.o (.text.bno055_read_linear_accel_xyz)
                  00018024    000000cc     OneLib.a : hci_event.o (.text)
                  000180f0    000000cc     StackWrapper.a : osal.o (.text)
                  000181bc    000000ca     bnoservice.o (.text.Movement_getParameter_bno)
                  00018286    000000ca     rf_multiMode_cc13x2.a : RFCC26X2_multiMode.c.cc13x2.ticlang.o (.text.RF_updatePaConfiguration)
                  00018350    000000c8     OneLib.a : gap_scanner.o (.text)
                  00018418    000000c8              : gapgattserver.o (.text)
                  000184e0    000000c8              : ll.o (.text)
                  000185a8    000000c8              : ll_ae.o (.text)
                  00018670    000000c8              : ll_ae.o (.text)
                  00018738    000000c6     drivers_cc13x2.a : AESCTRDRBGXX.c.obj (.text.AESCTRDRBG_reseed)
                  000187fe    000000c6     icall.o (.text.ICall_send)
                  000188c4    000000c6     icall.o (.text.ICall_sendServiceComplete)
                  0001898a    000000c6     simple_peripheral_oad_onchip.o (.text.OpenWind_setDeviceInfo)
                  00018a50    000000c4     icall.o (.text.ICall_newTask)
                  00018b14    000000c4     nvocmp.o (.text.NVOCMP_doNVCRC)
                  00018bd8    000000c4     simple_peripheral_oad_onchip.o (.text.SimplePeripheral_processParamUpdate)
                  00018c9c    000000c4     driverlib.lib : setup.o (.text.TrimAfterColdResetWakeupFromShutDown)
                  00018d60    000000c2     ti_sysbios_config.o (.text.ti_sysbios_gates_GateMutexPri_enter)
                  00018e22    000000c0     icall.o (.text.icall_directAPI)
                  00018ee2    000000c0     ti_sysbios_config.o (.text.ti_sysbios_knl_Clock_walkQueueDynamic)
                  00018fa2    000000c0     ti_sysbios_config.o (.text.ti_sysbios_knl_Swi_restoreHwi)
                  00019062    00000002     --HOLE-- [fill = 0]
                  00019064    000000c0     OneLib.a : ll.o (.text)
                  00019124    000000c0              : ll.o (.text)
                  000191e4    000000c0              : ll_common.o (.text)
                  000192a4    000000c0              : ll_isr.o (.text)
                  00019364    000000be     nvocmp.o (.text.NVOCMP_getDstPage)
                  00019422    00000002     --HOLE-- [fill = 0]
                  00019424    000000bc     rf_multiMode_cc13x2.a : RFCC26X2_multiMode.c.cc13x2.ticlang.o (.text.RF_swiHw)
                  000194e0    000000bc     battservice.o (.text.battWriteAttrCB)
                  0001959c    000000bc     ti_sysbios_config.o (.text.ti_sysbios_knl_Task_postInit)
                  00019658    000000bc     OneLib.a : ble.o (.text)
                  00019714    000000bc              : ll_ecc.o (.text)
                  000197d0    000000bc              : ll_scheduler.o (.text)
                  0001988c    000000b8     SensorI2C.o (.text.SensorI2C_select)
                  00019944    000000b8     ti_sysbios_config.o (.text.ti_sysbios_knl_Swi_Instance_init)
                  000199fc    000000b8     OneLib.a : ll_slave_end_causes.o (.text)
                  00019ab4    000000b8     StackWrapper.a : gapbondmgr.o (.text)
                  00019b6c    000000b8                    : gattservapp_util.o (.text)
                  00019c24    000000b4     driverlib.lib : osc.o (.text.NOROM_OSCHF_AttemptToSwitchToXosc)
                  00019cd8    000000b4     drivers_cc13x2.a : PowerCC26X2.c.obj (.text.Power_releaseDependency)
                  00019d8c    000000b4     oad.o (.text.oadFindCurrentImageHdr)
                  00019e40    000000b4     OneLib.a : ll_ae.o (.text)
                  00019ef4    000000b2     BNO055.o (.text.bno055_write_page_id)
                  00019fa6    000000b0     nvocmp.o (.text.NVOCMP_findOffset)
                  0001a056    00000002     --HOLE-- [fill = 0]
                  0001a058    000000b0     drivers_cc13x2.a : PowerCC26X2.c.obj (.text.Power_setDependency)
                  0001a108    000000b0     simple_peripheral_oad_onchip.o (.text.SimplePeripheral_processConnEvt)
                  0001a1b8    000000b0     OneLib.a : ll_enc.o (.text)
                  0001a268    000000b0     StackWrapper.a : gattservapp_util.o (.text)
                  0001a318    000000b0     libclang_rt.builtins.a : udivmoddi4.S.obj (.text)
                  0001a3c8    000000ac     icall.o (.text.ICall_getEntityId)
                  0001a474    000000ac     simple_peripheral_oad_onchip.o (.text.OpenWind_NormalModus)
                  0001a520    000000ac     rf_multiMode_cc13x2.a : RFCC26X2_multiMode.c.cc13x2.ticlang.o (.text.RF_pendCmd)
                  0001a5cc    000000ac     OneLib.a : ll_ae.o (.text)
                  0001a678    000000a8     BNO055.o (.text.bno055_get_accel_calib_stat)
                  0001a720    000000a8     BNO055.o (.text.bno055_get_mag_calib_stat)
                  0001a7c8    000000a8     BNO055.o (.text.bno055_get_operation_mode)
                  0001a870    000000a8     OneLib.a : hci_data.o (.text)
                  0001a918    000000a8              : ll.o (.text)
                  0001a9c0    000000a8              : ll_common.o (.text)
                  0001aa68    000000a8     StackWrapper.a : gapbondmgr.o (.text)
                  0001ab10    000000a6     nvocmp.o (.text.NVOCMP_write)
                  0001abb6    000000a6     OneLib.a : ll_ae.o (.text)
                  0001ac5c    000000a4     rf_multiMode_cc13x2.a : RFCC26X2_multiMode.c.cc13x2.ticlang.o (.text.RF_initRadioSetup)
                  0001ad00    000000a4     BNO055.o (.text.bno055_read_chip_id)
                  0001ada4    000000a4     ti_sysbios_config.o (.text.ti_sysbios_gates_GateMutexPri_leave)
                  0001ae48    000000a4     OneLib.a : ll_ae.o (.text)
                  0001aeec    000000a4              : ll_ae.o (.text)
                  0001af90    000000a4     StackWrapper.a : gapbondmgr.o (.text)
                  0001b034    000000a4                    : osal_cbtimer.o (.text)
                  0001b0d8    000000a2     icall.o (.text.ICall_createRemoteTasksAtRuntime)
                  0001b17a    000000a2     icall.o (.text.ICall_registerApp)
                  0001b21c    000000a2     nvocmp.o (.text.NVOCMP_setPageState)
                  0001b2be    000000a2     oad.o (.text.OAD_setBlockSize)
                  0001b360    000000a2     ti_sysbios_config.o (.text.ti_sysbios_knl_TaskSupport_start)
                  0001b402    000000a2     ti_sysbios_config.o (.text.ti_sysbios_knl_Task_schedule)
                  0001b4a4    000000a0     drivers_cc13x2.a : I2CCC26XX.c.obj (.text.I2CCC26XX_swiFxn)
                  0001b544    000000a0     icall.o (.text.ICall_wait)
                  0001b5e4    000000a0     rf_multiMode_cc13x2.a : RFCC26X2_multiMode.c.cc13x2.ticlang.o (.text.RF_calculateDispatchTime)
                  0001b684    000000a0     OneLib.a : gap_scanner.o (.text)
                  0001b724    000000a0              : gattservapp.o (.text)
                  0001b7c4    000000a0              : ll_common.o (.text)
                  0001b864    000000a0              : ll_scheduler.o (.text)
                  0001b904    0000009e     bsp_spi.o (.text.bspSpiClose)
                  0001b9a2    0000009c     drivers_cc13x2.a : AESCTRCC26XX.c.obj (.text.AESCTR_startOneStepOperation)
                  0001ba3e    0000009c     oad_reset_service.o (.text.ResetWriteAttrCB)
                  0001bada    00000002     --HOLE-- [fill = 0]
                  0001badc    0000009c     OneLib.a : ll_common.o (.text)
                  0001bb78    0000009c              : ll_ecc.o (.text)
                  0001bc14    00000098     nvocmp.o (.text.NVOCMP_setItemInactive)
                  0001bcac    00000098     rf_multiMode_cc13x2.a : RFCC26X2_multiMode.c.cc13x2.ticlang.o (.text.RF_defaultSubmitPolicy)
                  0001bd44    00000098     OneLib.a : gattservapp.o (.text)
                  0001bddc    00000098              : hci_event.o (.text)
                  0001be74    00000098              : ll_isr.o (.text)
                  0001bf0c    00000096     rf_multiMode_cc13x2.a : RFCC26X2_multiMode.c.cc13x2.ticlang.o (.text.RF_verifyGap)
                  0001bfa2    00000094     nvocmp.o (.text.NVOCMP_scanPage)
                  0001c036    00000002     --HOLE-- [fill = 0]
                  0001c038    00000094     rf_multiMode_cc13x2.a : RFCC26X2_multiMode.c.cc13x2.ticlang.o (.text.RF_ratRestartChannels)
                  0001c0cc    00000094     OneLib.a : gatt_server.o (.text)
                  0001c160    00000094              : ll.o (.text)
                  0001c1f4    00000094              : ll_scheduler.o (.text)
                  0001c288    00000092     simple_peripheral_oad_onchip.o (.text.OpenWind_BroadcastModus)
                  0001c31a    00000092     ti_sysbios_config.o (.text.ti_sysbios_knl_Event_post)
                  0001c3ac    00000092     OneLib.a : gap_task.o (.text)
                  0001c43e    00000092              : ll_ae.o (.text)
                  0001c4d0    00000090     ti_sysbios_config.o (.text.ti_sysbios_knl_Task_sleep)
                  0001c560    00000090     OneLib.a : ll.o (.text)
                  0001c5f0    00000090              : ll_ae.o (.text)
                  0001c680    00000090              : ll_common.o (.text)
                  0001c710    0000008e     simple_peripheral_oad_onchip.o (.text.SimplePeripheral_processOadResetEvt)
                  0001c79e    0000008e     ti_sysbios_config.o (.text.ti_sysbios_family_arm_m3_Hwi_excHandlerMin)
                  0001c82c    0000008e     ti_sysbios_config.o (.text.ti_sysbios_knl_Swi_runLoop)
                  0001c8ba    00000002     --HOLE-- [fill = 0]
                  0001c8bc    0000008c     drivers_cc13x2.a : GPIOCC26XX.c.obj (.text.GPIO_setConfig)
                  0001c948    0000008c                      : TRNGCC26XX.c.obj (.text.TRNG_construct)
                  0001c9d4    0000008c     oad.o (.text.oadEraseExtFlashPages)
                  0001ca60    0000008c     oad.o (.text.oadFindleastRecentlyUsedIdx)
                  0001caec    0000008c     ti_sysbios_config.o (.text.ti_sysbios_family_arm_m3_Hwi_construct2)
                  0001cb78    0000008a     simple_gatt_profile.o (.text.SimpleProfile_GetParameter)
                  0001cc02    0000008a     ti_sysbios_config.o (.text.ti_sysbios_knl_Semaphore_post)
                  0001cc8c    00000088     rf_multiMode_cc13x2.a : RFCC26X2_multiMode.c.cc13x2.ticlang.o (.text.RF_cmdDispatchTime)
                  0001cd14    00000088                           : RFCC26X2_multiMode.c.cc13x2.ticlang.o (.text.RF_discardPendCmd)
                  0001cd9c    00000088                           : rf_patch_cpe_multi_protocol_rtls.c.cc13x2.ticlang.o (.text.configureMultiProtocolRtlsPatch)
                  0001ce24    00000088     osal_icall_ble.o (.text.stack_main)
                  0001ceac    00000088     ti_sysbios_config.o (.text.ti_sysbios_family_arm_m3_Hwi_postInit)
                  0001cf34    00000088     OneLib.a : ll_isr.o (.text)
                  0001cfbc    00000088     StackWrapper.a : osal_cbtimer.o (.text)
                  0001d044    00000086     simple_peripheral_oad_onchip.o (.text.SimplePeripheral_processL2CAPMsg)
                  0001d0ca    00000002     --HOLE-- [fill = 0]
                  0001d0cc    00000086     windservice.o (.text.Wind_GetParameter)
                  0001d152    00000086     ti_sysbios_config.o (.text.ti_sysbios_runtime_Memory_alloc)
                  0001d1d8    00000084     icall.o (.text.ICall_searchTask)
                  0001d25c    00000084     rf_multiMode_cc13x2.a : RFCC26X2_multiMode.c.cc13x2.ticlang.o (.text.RF_getInfo)
                  0001d2e0    00000084     ti_sysbios_config.o (.text.ti_sysbios_knl_Task_startup)
                  0001d364    00000084     OneLib.a : ll_common.o (.text)
                  0001d3e8    00000082     bsp_spi.o (.text.bspSpiOpen)
                  0001d46a    00000082     ti_sysbios_config.o (.text.ti_sysbios_family_arm_m3_Hwi_getStackInfo)
                  0001d4ec    00000080     drivers_cc13x2.a : AESCTRCC26XX.c.obj (.text.AESCTR_hwiFxn)
                  0001d56c    00000080     driverlib.lib : sys_ctrl.o (.text.NOROM_SysCtrlSetRechargeBeforePowerDown)
                  0001d5ec    00000080     oad.o (.text.OAD_getSWVersion)
                  0001d66c    00000080     drivers_cc13x2.a : NVSCC26XX.c.obj (.text.doErase)
                  0001d6ec    00000080     OneLib.a : ll_ae.o (.text)
                  0001d76c    00000080              : ll_enc.o (.text)
                  0001d7ec    0000007e     ti_drivers_config.o (.text.Board_sendExtFlashByte)
                  0001d86a    0000007e     icall.o (.text.ICall_searchServiceEntity)
                  0001d8e8    0000007e     driverlib.lib : chipinfo.o (.text.NOROM_ChipInfo_GetChipType)
                  0001d966    0000007e     nvocmp.o (.text.NVOCMP_loadApiPtrsMin)
                  0001d9e4    0000007e     main.o (.text.main)
                  0001da62    0000007e     OneLib.a : gap_task.o (.text)
                  0001dae0    0000007c     rf_multiMode_cc13x2.a : RFCC26X2_multiMode.c.cc13x2.ticlang.o (.text.RF_ratDisableChannel)
                  0001db5c    0000007c     ti_sysbios_config.o (.text.SwiP_construct)
                  0001dbd8    0000007c     windservice.o (.text.Wind_SetParameter)
                  0001dc54    0000007c     libclang_rt.builtins.a : comparedf2.c.obj (.text.__gedf2)
                  0001dcd0    0000007c                            : comparedf2.c.obj (.text.__ledf2)
                  0001dd4c    0000007c     ti_sysbios_config.o (.text.ti_sysbios_family_arm_cc26xx_Timer_periodicStub)
                  0001ddc8    0000007c     ti_sysbios_config.o (.text.ti_sysbios_knl_Swi_schedule)
                  0001de44    0000007c     OneLib.a : ll_common.o (.text)
                  0001dec0    0000007c              : ll_common.o (.text)
                  0001df3c    0000007c     StackWrapper.a : gapbondmgr.o (.text)
                  0001dfb8    0000007a     nvocmp.o (.text.NVOCMP_verifyCRC)
                  0001e032    0000007a     ti_sysbios_config.o (.text.ti_sysbios_family_arm_m3_Hwi_dispatchC)
                  0001e0ac    0000007a     ti_sysbios_config.o (.text.ti_sysbios_knl_Idle_init)
                  0001e126    0000007a     OneLib.a : gattservapp.o (.text)
                  0001e1a0    00000078     driverlib.lib : osc.o (.text.NOROM_OSCHF_SwitchToRcOscTurnOffXosc)
                  0001e218    00000078                   : osc.o (.text.NOROM_OSC_CapArrayAdjustWorkaround_Boot)
                  0001e290    00000078     drivers_cc13x2.a : NVSCC26XX.c.obj (.text.NVSCC26XX_open)
                  0001e308    00000078     rf_multiMode_cc13x2.a : RFCC26X2_multiMode.c.cc13x2.ticlang.o (.text.RF_ratFreeChannel)
                  0001e380    00000078     drivers_cc13x2.a : SPICC26X2DMA.c.obj (.text.SPICC26X2DMA_close)
                  0001e3f8    00000078     sensortag_mov.o (.text.SensorTagMov_init)
                  0001e470    00000078     ti_sysbios_config.o (.text.ti_sysbios_family_arm_m3_Hwi_disableInterrupt)
                  0001e4e8    00000078     ti_sysbios_config.o (.text.ti_sysbios_knl_Swi_run)
                  0001e560    00000078     ti_sysbios_config.o (.text.ti_sysbios_knl_Task_blockI)
                  0001e5d8    00000078     OneLib.a : gap_advertiser.o (.text)
                  0001e650    00000078              : gap_linkmgr.o (.text)
                  0001e6c8    00000078              : l2cap_task.o (.text)
                  0001e740    00000078     StackWrapper.a : osal_cbtimer.o (.text)
                  0001e7b8    00000076     icall.o (.text.ICall_createRemoteTasks)
                  0001e82e    00000076     SensorI2C.o (.text.SensorI2C_writeReg)
                  0001e8a4    00000076     simple_peripheral_oad_onchip.o (.text.SimplePeripheral_removeConn)
                  0001e91a    00000076     simple_peripheral_oad_onchip.o (.text.SimplePeripheral_setPhy)
                  0001e990    00000076     ti_sysbios_config.o (.text.sleep)
                  0001ea06    00000076     StackWrapper.a : gap.o (.text)
                  0001ea7c    00000074     drivers_cc13x2.a : AESCTRDRBGXX.c.obj (.text.AESCTRDRBGXX_updateState)
                  0001eaf0    00000074                      : ECDHCC26X2.c.obj (.text.ECDHCC26X2_getKeyResult)
                  0001eb64    00000074                      : I2CCC26XX.c.obj (.text.I2C_close)
                  0001ebd8    00000074     icall.o (.text.ICall_primEntityId2ServiceId)
                  0001ec4c    00000074     drivers_cc13x2.a : PowerCC26X2_calibrateRCOSC_helpers.c.obj (.text.PowerCC26X2_updateSubSecInc)
                  0001ecc0    00000074     rf_multiMode_cc13x2.a : RFCC26X2_multiMode.c.cc13x2.ticlang.o (.text.RF_hwiHw)
                  0001ed34    00000074     simple_peripheral_oad_onchip.o (.text.SimplePeripheral_processAdvEvent)
                  0001eda8    00000074     util.o (.text.Util_constructClock)
                  0001ee1c    00000074     OneLib.a : ll_common.o (.text)
                  0001ee90    00000074              : ll_enc.o (.text)
                  0001ef04    00000072     SensorI2C.o (.text.SensorI2C_open)
                  0001ef76    00000072     sensortag_mov.o (.text.readStatusCalibration)
                  0001efe8    00000072     ti_sysbios_config.o (.text.ti_sysbios_family_arm_cc26xx_Timer_setThreshold)
                  0001f05a    00000072     OneLib.a : ll_ae.o (.text)
                  0001f0cc    00000070     drivers_cc13x2.a : AESCCMCC26XX.c.obj (.text.AESCCM_cleanup)
                  0001f13c    00000070                      : AESCTRCC26XX.c.obj (.text.AESCTR_construct)
                  0001f1ac    00000070     icall.o (.text.ICall_heapFree)
                  0001f21c    00000070     icall.o (.text.ICall_init)
                  0001f28c    00000070     rf_multiMode_cc13x2.a : RFCC26X2_multiMode.c.cc13x2.ticlang.o (.text.RF_getTxPower)
                  0001f2fc    00000070     windservice.o (.text.Wind_AddService)
                  0001f36c    00000070     ti_sysbios_config.o (.text.ti_sysbios_family_arm_m3_Hwi_enableInterrupt)
                  0001f3dc    00000070     OneLib.a : gatt_server.o (.text)
                  0001f44c    00000070              : ll_ae.o (.text)
                  0001f4bc    00000070              : ll_common.o (.text)
                  0001f52c    00000070              : ll_enc.o (.text)
                  0001f59c    00000070     StackWrapper.a : osal.o (.text)
                  0001f60c    00000070     libclang_rt.builtins.a : fixdfdi.S.obj (.text)
                  0001f67c    0000006e     BNO055.o (.text.BNO055_I2C_bus_read)
                  0001f6ea    0000006e     ti_drivers_config.o (.text.Board_shutDownExtFlash)
                  0001f758    0000006e     ti_sysbios_config.o (.text.ti_sysbios_knl_Clock_init)
                  0001f7c6    0000006e     OneLib.a : gatt_server.o (.text)
                  0001f834    0000006c     rf_multiMode_cc13x2.a : RFCC26X2_multiMode.c.cc13x2.ticlang.o (.text.RF_issueRadioFreeCb)
                  0001f8a0    0000006c     drivers_cc13x2.a : Random.c.obj (.text.Random_seedAutomatic)
                  0001f90c    0000006c     OneLib.a : ll_isr.o (.text)
                  0001f978    0000006c     StackWrapper.a : osal_cbtimer.o (.text)
                  0001f9e4    0000006c     libclang_rt.builtins.a : fixsfdi.S.obj (.text)
                  0001fa50    0000006a     drivers_cc13x2.a : I2CCC26XX.c.obj (.text.I2CSupport_primeTransfer)
                  0001faba    0000006a     util.o (.text.Util_rescheduleClock)
                  0001fb24    0000006a     ti_sysbios_config.o (.text.ti_sysbios_heaps_HeapCallback_construct)
                  0001fb8e    0000006a     libc.a : copy_decompress_lzss.c.obj (.text:decompress:lzss)
                  0001fbf8    00000068     drivers_cc13x2.a : AESECBCC26XX.c.obj (.text.AESECB_construct)
                  0001fc60    00000068                      : AESECBCC26XX.c.obj (.text.AESECB_hwiFxn)
                  0001fcc8    00000068     nvocmp.o (.text.NVOCMP_getFreeNvApi)
                  0001fd30    00000068     rf_multiMode_cc13x2.a : RFCC26X2_multiMode.c.cc13x2.ticlang.o (.text.RF_detachOverrides)
                  0001fd98    00000068     simple_peripheral_oad_onchip.o (.text.SimplePeripheral_passcodeCb)
                  0001fe00    00000068     flash_interface_int_rtos_NVS.o (.text.flash_open)
                  0001fe68    00000068     OneLib.a : gap_task.o (.text)
                  0001fed0    00000068              : gattservapp.o (.text)
                  0001ff38    00000068              : ll.o (.text)
                  0001ffa0    00000068              : ll_ae.o (.text)
                  00020008    00000068     StackWrapper.a : osal_timers.o (.text)
                  00020070    00000066     simple_peripheral_oad_onchip.o (.text.SimplePeripheral_clockHandler)
                  000200d6    00000066     ti_sysbios_config.o (.text.ti_sysbios_family_arm_cc26xx_Timer_start)
                  0002013c    00000066     ti_sysbios_config.o (.text.ti_sysbios_family_arm_m3_Hwi_Instance_finalize)
                  000201a2    00000066     StackWrapper.a : icall_lite_translation.o (.text)
                  00020208    00000064     drivers_cc13x2.a : AESCCMCC26XX.c.obj (.text.AESCCM_hwiFxn)
                  0002026c    00000064     icall.o (.text.ICall_fetchMsg)
                  000202d0    00000064     icall.o (.text.ICall_msecs2Ticks)
                  00020334    00000064     drivers_cc13x2.a : PowerCC26X2_calibrateRCOSC.c.obj (.text.PowerCC26X2_initiateCalibration)
                  00020398    00000064     rf_multiMode_cc13x2.a : RFCC26X2_multiMode.c.cc13x2.ticlang.o (.text.RF_attachOverrides)
                  000203fc    00000064                           : RFCC26X2_multiMode.c.cc13x2.ticlang.o (.text.RF_dispatchNextEvent)
                  00020460    00000064                           : RFCC26X2_multiMode.c.cc13x2.ticlang.o (.text.RF_hwiCpe0PowerFsm)
                  000204c4    00000064     simple_peripheral_oad_onchip.o (.text.SimplePeripheral_enqueueMsg)
                  00020528    00000064     drivers_cc13x2.a : UDMACC26XX.c.obj (.text.UDMACC26XX_open)
                  0002058c    00000064                      : PowerCC26X2.c.obj (.text.oscillatorISR)
                  000205f0    00000064     flash_interface_int_rtos_NVS.o (.text.writeFlashPg)
                  00020654    00000064     OneLib.a : gapgattserver.o (.text)
                  000206b8    00000064              : gattservapp.o (.text)
                  0002071c    00000064              : ll_scheduler.o (.text)
                  00020780    00000062     rf_multiMode_cc13x2.a : RFCC26X2_multiMode.c.cc13x2.ticlang.o (.text.RF_syncCb)
                  000207e2    00000062     sensortag_wind.o (.text.appStateSet)
                  00020844    00000062     libclang_rt.builtins.a : aeabi_dcmp.S.obj (.text)
                  000208a6    00000002     --HOLE-- [fill = 0]
                  000208a8    00000060     drivers_cc13x2.a : CryptoResourceCC26XX.c.obj (.text.CryptoResourceCC26XX_constructRTOSObjects)
                  00020908    00000060                      : PKAResourceCC26XX.c.obj (.text.PKAResourceCC26XX_constructRTOSObjects)
                  00020968    00000060     SensorI2C.o (.text.SensorI2C_close)
                  000209c8    00000060     drivers_cc13x2.a : SPICC26X2DMA.c.obj (.text.csnCallback)
                  00020a28    00000060     ti_sysbios_config.o (.text.ti_sysbios_knl_ClockSupport_init)
                  00020a88    00000060     OneLib.a : ll_ae.o (.text)
                  00020ae8    00000060              : ll_ae.o (.text)
                  00020b48    00000060              : ll_ae.o (.text)
                  00020ba8    00000060              : ll_ae.o (.text)
                  00020c08    00000060              : ll_common.o (.text)
                  00020c68    00000060              : sm_pairing.o (.text)
                  00020cc8    00000060     StackWrapper.a : gapbondmgr.o (.text)
                  00020d28    0000005e     rf_multiMode_cc13x2.a : rfc.c.cc13x2.ticlang.o (.text.NOROM_RFCAnaDivTxOverride)
                  00020d86    0000005e     simple_peripheral_oad_onchip.o (.text.SimplePeripheral_getConnIndex)
                  00020de4    0000005e     simple_peripheral_oad_onchip.o (.text.SimplePeripheral_stopAutoPhyChange)
                  00020e42    0000005e     BNO055.o (.text.bno055_write_register)
                  00020ea0    0000005e     ti_sysbios_config.o (.text.ti_sysbios_knl_Swi_post)
                  00020efe    0000005e     OneLib.a : ll_common.o (.text)
                  00020f5c    0000005c     ti_sysbios_config.o (.text.ClockP_construct)
                  00020fb8    0000005c     oad_reset_service.o (.text.Reset_addService)
                  00021014    0000005c     simple_peripheral_oad_onchip.o (.text.SimplePeripheral_processPairState)
                  00021070    0000005c     drivers_cc13x2.a : TRNGCC26XX.c.obj (.text.TRNGCC26XX_startTrng)
                  000210cc    0000005c     ti_sysbios_config.o (.text.ti_sysbios_knl_Task_init)
                  00021128    0000005c     OneLib.a : gap_perilinkmgr.o (.text)
                  00021184    0000005c              : ll_scheduler.o (.text)
                  000211e0    0000005c              : sm_intpairing.o (.text)
                  0002123c    0000005a     windservice.o (.text.Wind_MeasNotify)
                  00021296    0000005a     flash_interface_int_rtos_NVS.o (.text.readFlashPg)
                  000212f0    0000005a     OneLib.a : hci.o (.text)
                  0002134a    00000058     ti_sysbios_config.o (.text.AONRTCEventClear)
                  000213a2    00000002     --HOLE-- [fill = 0]
                  000213a4    00000058     drivers_cc13x2.a : ECDHCC26X2.c.obj (.text.ECDH_construct)
                  000213fc    00000058     ti_sysbios_config.o (.text.HwiP_construct)
                  00021454    00000058     icall.o (.text.ICall_msgEnqueue)
                  000214ac    00000058     nvocmp.o (.text.NVOCMP_changePageState)
                  00021504    00000058     nvocmp.o (.text.NVOCMP_disableCache)
                  0002155c    00000058     rf_multiMode_cc13x2.a : RFCC26X2_multiMode.c.cc13x2.ticlang.o (.text.RF_applyRfCorePatch)
                  000215b4    00000058     drivers_cc13x2.a : TRNGCC26XX.c.obj (.text.TRNG_init)
                  0002160c    00000058     ti_sysbios_config.o (.text.ti_sysbios_family_arm_m3_Hwi_construct)
                  00021664    00000058     sysbios.a : Hwi_asm_switch_gnu.obj (.text.ti_sysbios_family_arm_m3_Hwi_initStacks)
                  000216bc    00000058     ti_sysbios_config.o (.text.ti_sysbios_gates_GateMutexPri_insertPri)
                  00021714    00000058     ti_sysbios_config.o (.text.ti_sysbios_knl_Swi_init)
                  0002176c    00000058     OneLib.a : ll_ae.o (.text)
                  000217c4    00000058              : ll_ae.o (.text)
                  0002181c    00000058              : ll_common.o (.text)
                  00021874    00000058              : ll_enc.o (.text)
                  000218cc    00000058              : ll_isr.o (.text)
                  00021924    00000058              : sm_pairing.o (.text)
                  0002197c    00000056     ti_sysbios_config.o (.text.AONRTCCompareValueSet)
                  000219d2    00000056     icall.o (.text.ICall_fetchServiceMsg)
                  00021a28    00000056     drivers_cc13x2.a : StructRingBuf.c.obj (.text.StructRingBuf_put)
                  00021a7e    00000056     AS5055.o (.text.spiCalcEvenParity)
                  00021ad4    00000056     AS5055.o (.text.spiReadData)
                  00021b2a    00000056     ti_sysbios_config.o (.text.ti_sysbios_family_arm_cc26xx_Timer_getCurrentTick)
                  00021b80    00000056     ti_sysbios_config.o (.text.ti_sysbios_knl_Clock_Instance_init)
                  00021bd6    00000056     ti_sysbios_config.o (.text.ti_sysbios_runtime_System_atexit)
                  00021c2c    00000054     drivers_cc13x2.a : AESCCMCC26XX.c.obj (.text.AESCCM_construct)
                  00021c80    00000054     ti_sysbios_config.o (.text.AONRTCChannelEnable)
                  00021cd4    00000054     ti_sysbios_config.o (.text.BIOS_startFunc)
                  00021d28    00000054     drivers_cc13x2.a : I2CCC26XX.c.obj (.text.I2CCC26XX_initHw)
                  00021d7c    00000054     nvocmp.o (.text.NVOCMP_expectCompApi)
                  00021dd0    00000054     nvocmp.o (.text.NVOCMP_setCompactHdr)
                  00021e24    00000054     rf_multiMode_cc13x2.a : RFCC26X2_multiMode.c.cc13x2.ticlang.o (.text.RF_fsmXOSCState)
                  00021e78    00000054                           : RFCC26X2_multiMode.c.cc13x2.ticlang.o (.text.RF_getCurrentTime)
                  00021ecc    00000054     util.o (.text.Util_enqueueMsg)
                  00021f20    00000054     flash_interface_int_rtos_NVS.o (.text.writeFlash)
                  00021f74    00000054     OneLib.a : gattservapp.o (.text)
                  00021fc8    00000054              : hci_event.o (.text)
                  0002201c    00000054              : linkdb.o (.text)
                  00022070    00000054              : ll.o (.text)
                  000220c4    00000054              : ll_ae.o (.text)
                  00022118    00000054     StackWrapper.a : osal_bufmgr.o (.text)
                  0002216c    00000052     driverlib.lib : chipinfo.o (.text.NOROM_ChipInfo_GetHwRevision)
                  000221be    00000052     oad.o (.text.oadGetNextBlockReq)
                  00022210    00000052     OneLib.a : gap_centlinkmgr.o (.text)
                  00022262    00000050     crc32.o (.text.CRC32_value)
                  000222b2    00000050     icall_cc2650.o (.text.ICallPlatform_pwrDispenseImpl)
                  00022302    00000050     icall_cc2650.o (.text.ICallPlatform_pwrRequireImpl)
                  00022352    00000002     --HOLE-- [fill = 0]
                  00022354    00000050     rf_multiMode_cc13x2.a : RFCC26X2_multiMode.c.cc13x2.ticlang.o (.text.RF_wakeupNotification)
                  000223a4    00000050     sensortag_mov.o (.text.SensorTagMov_reset)
                  000223f4    00000050     simple_peripheral_oad_onchip.o (.text.SimplePeripheral_initPHYRSSIArray)
                  00022444    00000050     simple_peripheral_oad_onchip.o (.text.SimplePeripheral_pairStateCb)
                  00022494    00000050     ti_sysbios_config.o (.text.ti_sysbios_family_arm_cc26xx_Timer_setNextTick)
                  000224e4    00000050     OneLib.a : gap_perilinkmgr.o (.text)
                  00022534    00000050              : gap_scanner.o (.text)
                  00022584    00000050              : hci_tl.o (.text)
                  000225d4    00000050              : ll_enc.o (.text)
                  00022624    00000050     StackWrapper.a : gattservapp_util.o (.text)
                  00022674    00000050                    : osal.o (.text)
                  000226c4    00000050                    : osal_clock.o (.text)
                  00022714    0000004e     AS5055.o (.text.AS5055_init)
                  00022762    0000004e     icall.o (.text.ICall_getMaxMSecs)
                  000227b0    0000004e     icall.o (.text.ICall_msgPrepend)
                  000227fe    0000004e     AS5055.o (.text.spiWriteRegister)
                  0002284c    0000004e     ti_sysbios_config.o (.text.ti_sysbios_knl_Swi_restore)
                  0002289a    0000004e     ti_sysbios_config.o (.text.ti_sysbios_knl_Swi_setPri)
                  000228e8    0000004e     StackWrapper.a : gap.o (.text)
                  00022936    0000004c     drivers_cc13x2.a : AESECBCC26XX.c.obj (.text.AESECB_startOperation)
                  00022982    0000004c                      : CryptoUtils.c.obj (.text.CryptoUtils_reverseCopyPad)
                  000229ce    0000004c     icall.o (.text.ICall_getLocalMsgEntityId)
                  00022a1a    0000004c     icall.o (.text.ICall_sendServiceMsg)
                  00022a66    0000004c     driverlib.lib : osc.o (.text.NOROM_OSC_HPOSCRelativeFrequencyOffsetGet)
                  00022ab2    00000002     --HOLE-- [fill = 0]
                  00022ab4    0000004c     drivers_cc13x2.a : NVSCC26XX.c.obj (.text.NVSCC26XX_init)
                  00022b00    0000004c                      : NVSCC26XX.c.obj (.text.NVSCC26XX_read)
                  00022b4c    0000004c     simple_peripheral_oad_onchip.o (.text.OpenWindFlash_Init)
                  00022b98    0000004c     SensorI2C.o (.text.SensorI2C_writeRead)
                  00022be4    0000004c     drivers_cc13x2.a : StructRingBuf.c.obj (.text.StructRingBuf_get)
                  00022c30    0000004c     rf_multiMode_cc13x2.a : rf_patch_cpe_bt5.c.cc13x2.ticlang.o (.text.configureBt5Patch)
                  00022c7c    0000004c     flash_interface_int_rtos_NVS.o (.text.eraseFlashPg)
                  00022cc8    0000004c     drivers_cc13x2.a : SPICC26X2DMA.c.obj (.text.initHw)
                  00022d14    0000004c                      : PowerCC26X2.c.obj (.text.switchXOSCHF)
                  00022d60    0000004c     ti_sysbios_config.o (.text.ti_sysbios_knl_Clock_getTimeout)
                  00022dac    0000004c     ti_sysbios_config.o (.text.ti_sysbios_knl_Task_create)
                  00022df8    0000004c     ti_sysbios_config.o (.text.ti_sysbios_runtime_System_processAtExit)
                  00022e44    0000004c     OneLib.a : ble.o (.text)
                  00022e90    0000004c              : ll_scheduler.o (.text)
                  00022edc    0000004c              : ll_scheduler.o (.text)
                  00022f28    0000004a     BNO055.o (.text.BNO055_I2C_bus_write)
                  00022f72    0000004a     icall.o (.text.ICall_heapGetStats)
                  00022fbc    0000004a     oad.o (.text.OAD_evenBitCount)
                  00023006    0000004a     sensortag_wind.o (.text.SensorTagWind_init)
                  00023050    0000004a     flash_interface_int_rtos_NVS.o (.text.readFlash)
                  0002309a    0000004a     ti_sysbios_config.o (.text.ti_sysbios_knl_Task_construct)
                  000230e4    00000048     driverlib.lib : aux_sysif.o (.text.NOROM_AUXSYSIFOpModeChange)
                  0002312c    00000048     rf_multiMode_cc13x2.a : rfc.c.cc13x2.ticlang.o (.text.NOROM_RFCSynthPowerDown)
                  00023174    00000048     drivers_cc13x2.a : NVS.c.obj (.text.NVS_open)
                  000231bc    00000048                      : PowerCC26X2.c.obj (.text.PowerCC26XX_switchXOSC_HF)
                  00023204    00000048     ti_sysbios_config.o (.text.ti_sysbios_family_arm_m3_Hwi_init)
                  0002324c    00000048     OneLib.a : att_util.o (.text)
                  00023294    00000048              : gattservapp.o (.text)
                  000232dc    00000048              : ll.o (.text)
                  00023324    00000048              : ll.o (.text)
                  0002336c    00000048              : ll_common.o (.text)
                  000233b4    00000048              : ll_common.o (.text)
                  000233fc    00000046     AS5055.o (.text.AS5055_Power_Up)
                  00023442    00000046     icall.o (.text.ICall_msgDequeue)
                  00023488    00000046     icall.o (.text.ICall_primRepostSync)
                  000234ce    00000046     crc.o (.text.crc_update)
                  00023514    00000046     ti_sysbios_config.o (.text.ti_sysbios_knl_Semaphore_Instance_init)
                  0002355a    00000046     ti_sysbios_config.o (.text.ti_sysbios_knl_Swi_construct)
                  000235a0    00000046     ti_sysbios_config.o (.text.ti_sysbios_knl_Task_processVitalTaskFlag)
                  000235e6    00000046     ti_sysbios_config.o (.text.ti_sysbios_knl_Task_unblockI)
                  0002362c    00000044     ti_sysbios_config.o (.text.BIOS_init)
                  00023670    00000044     ti_sysbios_config.o (.text.BIOS_rtsLock)
                  000236b4    00000044     drivers_cc13x2.a : GPIOCC26X2.c.obj (.text.GPIO_hwiIntFxn)
                  000236f8    00000044     driverlib.lib : prcm.o (.text.NOROM_PRCMPowerDomainsAllOff)
                  0002373c    00000044                   : prcm.o (.text.NOROM_PRCMPowerDomainsAllOn)
                  00023780    00000044     rf_multiMode_cc13x2.a : RFCC26X2_multiMode.c.cc13x2.ticlang.o (.text.RF_cmdGet)
                  000237c4    00000044                           : RFCC26X2_multiMode.c.cc13x2.ticlang.o (.text.RF_updatePowerupDuration)
                  00023808    00000044     drivers_cc13x2.a : SPI.c.obj (.text.SPI_init)
                  0002384c    00000044     ti_sysbios_config.o (.text._pthread_cleanupFxn)
                  00023890    00000044     ti_sysbios_config.o (.text.ti_sysbios_knl_Event_checkEvents)
                  000238d4    00000044     ti_sysbios_config.o (.text.ti_sysbios_knl_Task_restore)
                  00023918    00000044     ti_sysbios_config.o (.text.ti_sysbios_runtime_Error_raiseX)
                  0002395c    00000044     OneLib.a : ll.o (.text)
                  000239a0    00000044              : ll.o (.text)
                  000239e4    00000044              : ll.o (.text)
                  00023a28    00000044              : ll_ae.o (.text)
                  00023a6c    00000044              : ll_ae.o (.text)
                  00023ab0    00000044              : ll_common.o (.text)
                  00023af4    00000044     StackWrapper.a : osal.o (.text)
                  00023b38    00000044                    : osal_timers.o (.text)
                  00023b7c    00000042     DRV5013.o (.text.DRV5013_init)
                  00023bbe    00000042     icall.o (.text.ICall_searchService)
                  00023c00    00000042     SensorI2C.o (.text.SensorI2C_read)
                  00023c42    00000042     SensorI2C.o (.text.SensorI2C_write)
                  00023c84    00000042     OneLib.a : ll.o (.text)
                  00023cc6    00000040     drivers_cc13x2.a : AESCTRDRBGXX.c.obj (.text.AESCTRDRBGXX_addBigendCounter)
                  00023d06    00000040     crc32.o (.text.CRC32_memCpy)
                  00023d46    00000002     --HOLE-- [fill = 0]
                  00023d48    00000040     drivers_cc13x2.a : ECDHCC26X2.c.obj (.text.ECDHCC26X2_waitForResult)
                  00023d88    00000040     icall.o (.text.ICall_dispatch)
                  00023dc8    00000040     drivers_cc13x2.a : PowerCC26X2_calibrateRCOSC.c.obj (.text.PowerCC26X2_RCOSC_clockFunc)
                  00023e08    00000040                      : PowerCC26X2_calibrateRCOSC_helpers.c.obj (.text.PowerCC26X2_setAclkRefSrc)
                  00023e48    00000040                      : SPI.c.obj (.text.SPI_open)
                  00023e88    00000040                      : NVSCC26XX.c.obj (.text.disableFlashCache)
                  00023ec8    00000040     ti_sysbios_config.o (.text.ti_sysbios_knl_Event_pendTimeout)
                  00023f08    00000040     ti_sysbios_config.o (.text.ti_sysbios_knl_Semaphore_pendTimeout)
                  00023f48    00000040     ti_sysbios_config.o (.text.ti_sysbios_knl_Task_exit)
                  00023f88    00000040     st_util.o (.text.utilExtractUuid16)
                  00023fc8    00000040     OneLib.a : gap_configmgr.o (.text)
                  00024008    00000040              : gattservapp.o (.text)
                  00024048    00000040              : linkdb.o (.text)
                  00024088    00000040              : ll_common.o (.text)
                  000240c8    00000040              : ll_common.o (.text)
                  00024108    00000040              : sm_intpairing.o (.text)
                  00024148    00000040     StackWrapper.a : osal.o (.text)
                  00024188    00000040                    : osal_bufmgr.o (.text)
                  000241c8    00000040                    : osal_bufmgr.o (.text)
                  00024208    00000040                    : osal_timers.o (.text)
                  00024248    0000003e     icall.o (.text.ICall_setTimerMSecs)
                  00024286    0000003e     bnoservice.o (.text.Movement_registerAppCBs_bno)
                  000242c4    0000003e     simple_peripheral_oad_onchip.o (.text.OpenWind_enqueueMsg)
                  00024302    0000003e     rom_init.o (.text.ROM_Init)
                  00024340    0000003e     simple_peripheral_oad_onchip.o (.text.SimplePeripheral_advCallback)
                  0002437e    0000003e     ti_sysbios_config.o (.text.ti_sysbios_gates_GateMutexPri_Instance_init)
                  000243bc    0000003e     ti_sysbios_config.o (.text.ti_sysbios_knl_Clock_getTicksUntilInterrupt)
                  000243fa    0000003e     OneLib.a : ll_common.o (.text)
                  00024438    0000003c     ti_sysbios_config.o (.text.BIOS_atExitFunc)
                  00024474    0000003c     drivers_cc13x2.a : GPIO.c.obj (.text.GPIO_resetConfig)
                  000244b0    0000003c     driverlib.lib : sys_ctrl.o (.text.NOROM_SysCtrlIdle)
                  000244ec    0000003c     drivers_cc13x2.a : PowerCC26X2_calibrateRCOSC_helpers.c.obj (.text.PowerCC26X2_setTdcClkSrc24M)
                  00024528    0000003c     simple_peripheral_oad_onchip.o (.text.SimplePeripheral_createTask)
                  00024564    0000003c     ti_sysbios_config.o (.text.ti_sysbios_family_arm_m3_Hwi_setPriority)
                  000245a0    0000003c     ti_sysbios_config.o (.text.ti_sysbios_knl_Task_restoreHwi)
                  000245dc    0000003c     ti_sysbios_config.o (.text.ti_sysbios_runtime_Startup_exec)
                  00024618    0000003c     OneLib.a : gap_linkmgr.o (.text)
                  00024654    0000003c              : gattservapp.o (.text)
                  00024690    0000003c              : gattservapp.o (.text)
                  000246cc    0000003c              : gattservapp.o (.text)
                  00024708    0000003c              : hci_event.o (.text)
                  00024744    0000003c              : hci_tl.o (.text)
                  00024780    0000003c              : linkdb.o (.text)
                  000247bc    0000003c              : ll_ae.o (.text)
                  000247f8    0000003c              : ll_scheduler.o (.text)
                  00024834    0000003c     StackWrapper.a : osal.o (.text)
                  00024870    0000003c                    : osal.o (.text)
                  000248ac    0000003c                    : osal.o (.text)
                  000248e8    0000003c                    : osal_timers.o (.text)
                  00024924    0000003c     libc.a : autoinit.c.obj (.text:__TI_auto_init_nobinit_nopinit)
                  00024960    0000003a     AS5055.o (.text.AS5055_Power_Down)
                  0002499a    0000003a     battservice.o (.text.Batt_MeasLevel)
                  000249d4    0000003a     drivers_cc13x2.a : CryptoUtils.c.obj (.text.CryptoUtils_copyPad)
                  00024a0e    0000003a     simple_peripheral_oad_onchip.o (.text.SimplePeripheral_processCharValueChangeEvt)
                  00024a48    0000003a     simple_peripheral_oad_onchip.o (.text.SimplePeripheral_processGATTMsg)
                  00024a82    0000003a     BQ27441.o (.text.computeCheckSum)
                  00024abc    0000003a     ti_sysbios_config.o (.text.ti_sysbios_family_arm_m3_Hwi_clearInterrupt)
                  00024af6    0000003a     StackWrapper.a : osal.o (.text)
                  00024b30    00000038     drivers_cc13x2.a : AESCTRCC26XX.c.obj (.text.AESCTR_cleanup)
                  00024b68    00000038                      : AESECBCC26XX.c.obj (.text.AESECB_cleanup)
                  00024ba0    00000038     ti_drivers_config.o (.text.Board_wakeUpExtFlash)
                  00024bd8    00000038     DRV5013.o (.text.DRV5013_Power_Down)
                  00024c10    00000038     simple_peripheral_oad_onchip.o (.text.OpenWind_BATTERY_Task)
                  00024c48    00000038     drivers_cc13x2.a : PowerCC26X2_helpers.c.obj (.text.PowerCC26X2_oscDisableQualifiers)
                  00024c80    00000038                      : Random.c.obj (.text.Random_getNumber)
                  00024cb8    00000038     simple_peripheral_oad_onchip.o (.text.SimplePeripheral_charValueChangeCB)
                  00024cf0    00000038     drivers_cc13x2.a : UDMACC26XX.c.obj (.text.UDMACC26XX_close)
                  00024d28    00000038     rf_multiMode_cc13x2.a : rf_patch_cpe_bt5.c.cc13x2.ticlang.o (.text.rf_patch_cpe_bt5)
                  00024d60    00000038                           : rf_patch_cpe_multi_protocol_rtls.c.cc13x2.ticlang.o (.text.rf_patch_cpe_multi_protocol_rtls)
                  00024d98    00000038     OneLib.a : hci.o (.text)
                  00024dd0    00000038              : linkdb.o (.text)
                  00024e08    00000038              : ll_ae.o (.text)
                  00024e40    00000038              : ll_ae.o (.text)
                  00024e78    00000038              : ll_ae.o (.text)
                  00024eb0    00000038              : ll_scheduler.o (.text)
                  00024ee8    00000038     StackWrapper.a : gattservapp_util.o (.text)
                  00024f20    00000038                    : osal_timers.o (.text)
                  00024f58    00000038     libclang_rt.builtins.a : extendsfdf2.S.obj (.text)
                  00024f90    00000036     ti_sysbios_config.o (.text.BIOS_rtsUnlock)
                  00024fc6    00000036     drivers_cc13x2.a : CryptoUtils.c.obj (.text.CryptoUtils_buffersMatch)
                  00024ffc    00000036     nvocmp.o (.text.NVOCMP_read)
                  00025032    00000036     ti_sysbios_config.o (.text.SemaphoreP_pend)
                  00025068    00000036     util.o (.text.Util_dequeueMsg)
                  0002509e    00000036     ti_sysbios_config.o (.text.ti_sysbios_knl_Clock_create)
                  000250d4    00000036     ti_sysbios_config.o (.text.ti_sysbios_knl_Swi_construct2)
                  0002510a    00000036     OneLib.a : ll_common.o (.text)
                  00025140    00000036     StackWrapper.a : ble_dispatch_lite.o (.text)
                  00025176    00000034     BQ27441.o (.text.BQ27441_command)
                  000251aa    00000034     BQ27441.o (.text.BQ27441_read16)
                  000251de    00000034     BQ27441.o (.text.BQ27441_write16)
                  00025212    00000002     --HOLE-- [fill = 0]
                  00025214    00000034     drivers_cc13x2.a : PowerCC26X2.c.obj (.text.Power_releaseConstraint)
                  00025248    00000034     rf_multiMode_cc13x2.a : RFCC26X2_multiMode.c.cc13x2.ticlang.o (.text.RF_powerConstraintRelease)
                  0002527c    00000034                           : RFCC26X2_multiMode.c.cc13x2.ticlang.o (.text.RF_runDirectImmediateCmd)
                  000252b0    00000034     sensortag_mov.o (.text.SensorTagMov_INT_Handle)
                  000252e4    00000034     simple_peripheral_oad_onchip.o (.text.SimplePeripheral_processPasscode)
                  00025318    00000034     sensortag_wind.o (.text.TrueWind_measPerTask)
                  0002534c    00000034     ti_sysbios_config.o (.text.ti_sysbios_family_arm_cc26xx_Timer_getMaxTicks)
                  00025380    00000034     ti_sysbios_config.o (.text.ti_sysbios_knl_Event_Instance_init)
                  000253b4    00000034     ti_sysbios_config.o (.text.ti_sysbios_knl_Queue_put)
                  000253e8    00000034     OneLib.a : hci.o (.text)
                  0002541c    00000034              : ll_ae.o (.text)
                  00025450    00000034              : ll_enc.o (.text)
                  00025484    00000034              : ll_scheduler.o (.text)
                  000254b8    00000034              : ll_scheduler.o (.text)
                  000254ec    00000034     StackWrapper.a : gapbondmgr.o (.text)
                  00025520    00000034                    : icall_startup.o (.text)
                  00025554    00000034     sysbios.a : boot_cortex_m.obj (.text:_c_int00)
                  00025588    00000032     icall.o (.text.ICall_heapMallocLimited)
                  000255ba    00000032     sensortag_mov.o (.text.SensorTagMov_processInterrupt)
                  000255ec    00000032     ti_sysbios_config.o (.text.ti_sysbios_knl_Semaphore_create)
                  0002561e    00000030     devinfoservice.o (.text.DevInfo_AddService)
                  0002564e    00000002     --HOLE-- [fill = 0]
                  00025650    00000030     drivers_cc13x2.a : ECDHCC26X2.c.obj (.text.ECDHCC26X2_getKeyResultMontgomery)
                  00025680    00000030                      : GPIOCC26XX.c.obj (.text.GPIO_setInterruptConfig)
                  000256b0    00000030     nvocmp.o (.text.NVOCMP_writeByte)
                  000256e0    00000030     drivers_cc13x2.a : NVSCC26XX.c.obj (.text.NVSCC26XX_erase)
                  00025710    00000030                      : PowerCC26X2.c.obj (.text.Power_setConstraint)
                  00025740    00000030     rf_multiMode_cc13x2.a : RFCC26X2_multiMode.c.cc13x2.ticlang.o (.text.RF_checkCmdFsError)
                  00025770    00000030     oad_reset_service.o (.text.ResetReadAttrCB)
                  000257a0    00000030     simple_peripheral_oad_onchip.o (.text.SimplePeripheral_processOadResetWriteCB)
                  000257d0    00000030     ti_sysbios_config.o (.text.SwiP_setPriority)
                  00025800    00000030     flash_interface_int_rtos_NVS.o (.text.flash_close)
                  00025830    00000030     drivers_cc13x2.a : PowerCC26X2.c.obj (.text.notify)
                  00025860    00000030     ti_sysbios_config.o (.text.ti_sysbios_family_arm_m3_Hwi_plug)
                  00025890    00000030     ti_sysbios_config.o (.text.ti_sysbios_knl_Clock_construct)
                  000258c0    00000030     ti_sysbios_config.o (.text.ti_sysbios_knl_Idle_run)
                  000258f0    00000030     OneLib.a : gattservapp.o (.text)
                  00025920    00000030              : ll.o (.text)
                  00025950    00000030              : ll_scheduler.o (.text)
                  00025980    00000030     StackWrapper.a : osal_timers.o (.text)
                  000259b0    0000002e     BQ27441.o (.text.BQ27441_control)
                  000259de    0000002e     BQ27441.o (.text.BQ27441_readChecksum)
                  00025a0c    0000002e     driverlib.lib : chipinfo.o (.text.NOROM_ThisLibraryIsFor_CC13x2_CC26x2_HwRev20AndLater_HaltIfViolated)
                  00025a3a    0000002e     simple_peripheral_oad_onchip.o (.text.OpenWind_DIRECTION_Task)
                  00025a68    0000002e     rf_multiMode_cc13x2.a : RFCC26X2_multiMode.c.cc13x2.ticlang.o (.text.RF_calculateDeltaTimeUs)
                  00025a96    0000002e     simple_gatt_profile.o (.text.SimpleProfile_RegisterAppCBs)
                  00025ac4    0000002e     ti_sysbios_config.o (.text.SwiP_inISR)
                  00025af2    0000002e     ti_sysbios_config.o (.text._pthread_delete)
                  00025b20    0000002e     ti_sysbios_config.o (.text.ti_sysbios_family_arm_m3_Hwi_initStack)
                  00025b4e    0000002e     ti_sysbios_config.o (.text.ti_sysbios_gates_GateMutexPri_create)
                  00025b7c    0000002e     ti_sysbios_config.o (.text.ti_sysbios_knl_Event_create)
                  00025baa    0000002e     ti_sysbios_config.o (.text.ti_sysbios_knl_Queue_get)
                  00025bd8    0000002e     OneLib.a : gattservapp.o (.text)
                  00025c06    00000002     --HOLE-- [fill = 0]
                  00025c08    0000002e     libclang_rt.builtins.a : floatsidf.S.obj (.text)
                  00025c36    0000002c     ti_sysbios_config.o (.text.BIOS_registerRTSLock)
                  00025c62    0000002c     ti_sysbios_config.o (.text.BIOS_removeRTSLock)
                  00025c8e    0000002c     DRV5013.o (.text.DRV5013_INT_Callback)
                  00025cba    0000002c     ti_sysbios_config.o (.text.HwiP_inISR)
                  00025ce6    00000002     --HOLE-- [fill = 0]
                  00025ce8    0000002c     drivers_cc13x2.a : NVS.c.obj (.text.NVS_init)
                  00025d14    0000002c     simple_peripheral_oad_onchip.o (.text.OpenWind_Clock_Handler)
                  00025d40    0000002c     rf_multiMode_cc13x2.a : RFCC26X2_multiMode.c.cc13x2.ticlang.o (.text.RF_executeDirectImmediateCmd)
                  00025d6c    0000002c     ti_sysbios_config.o (.text.SemaphoreP_createBinary)
                  00025d98    0000002c     drivers_cc13x2.a : TRNGCC26XX.c.obj (.text.TRNGCC26XX_stopTrng)
                  00025dc4    0000002c     bsp_spi.o (.text.bspSpiRead)
                  00025df0    0000002c     bsp_spi.o (.text.bspSpiWrite)
                  00025e1c    0000002c     sensortag_mov.o (.text.init_INT_BNO)
                  00025e48    0000002c     ti_sysbios_config.o (.text.ti_sysbios_knl_Semaphore_construct)
                  00025e74    0000002c     ti_sysbios_config.o (.text.ti_sysbios_runtime_Memory_free)
                  00025ea0    0000002c     OneLib.a : gatt_task.o (.text)
                  00025ecc    0000002c              : gattservapp.o (.text)
                  00025ef8    0000002c              : ll_common.o (.text)
                  00025f24    0000002c     StackWrapper.a : hal_assert.o (.text)
                  00025f50    0000002c                    : osal_bufmgr.o (.text)
                  00025f7c    0000002a     icall_cc2650.o (.text.ICallPlatform_pwrDispense)
[...]
20002bb8  CONF_TAPER_RATE                                                    
20002bbc  CONF_TERMINATE_VOLTAGE                                             
20002bc4  ICall_dispatcher                                                   
20002bc8  ICall_enterCriticalSection                                         
20002bd0  ICall_leaveCriticalSection                                         
20002bd8  SET_CFGUPDATE                                                      
20002be4  Speed_Counter                                                      
20002be8  Speed_Counter_Save                                                 
20002bec  Wind_Direction                                                     
20002bf0  _lock                                                              
20002bf4  _unlock                                                            
20002bf8  angle                                                              
20002bfc  appAssertCback                                                     
20002c0c  count_samples                                                      
20002c20  heapmgrMemFreeTotal                                                
20002c24  i2cHandle                                                          
20002c28  icallServiceTblPtr                                                 
20002c34  mINTseconds                                                        
20002c4c  pRandomAddress                                                     
20002c50  pRfErrCb                                                           
20002c54  pfnBMAlloc                                                         
20002c58  pfnBMFree                                                          
20002c78  ti_sysbios_runtime_Memory_defaultHeapInstance                      
20002c7c  patchedSlaveCtrlPktList                                            
20002c80  halAssertCback                                                     
20002c84  WindMastAngleArray_local                                           
20002c8c  average_current                                                    
20002c90  bleUserCfg_maxPduSize                                              
20002c92  checkBattery                                                       
20002c94  data                                                               
20002c98  metaPage                                                           
20002c9e  pitch_offset                                                       
20002ca0  pitch_value                                                        
20002ca2  remaining_capacity                                                 
20002ca4  resetConnHandle                                                    
20002ca6  roll_offset                                                        
20002ca8  roll_value                                                         
20002caa  state_charge                                                       
20002cac  system_capacity                                                    
20002cae  temperature                                                        
20002cb0  timeOut                                                            
20002cb2  value                                                              
20002cb4  voltage                                                            
20002cb6  yaw_offset                                                         
20002cb8  yaw_value                                                          
20002cba  disconnectImmedConnId                                              
20002cbc  llUserConfig_maxPduSize                                            
20002cbe  baseTaskID                                                         
20002cc0  KeyDistList                                                        
20002cc1  KeySize                                                            
20002cc2  MAGhasbeenCalibrated                                               
20002cc5  NormalModus                                                        
20002cc7  OpenWind_START_BAT                                                 
20002cc8  OpenWind_START_DIRECTION                                           
20002cc9  OpenWind_START_GPS                                                 
20002cca  OpenWind_START_MOV                                                 
20002ccb  OpenWind_has_Connection                                            
20002ccc  PKAResourceCC26XX_pollingFlag                                      
20002cda  Wind_Direction_Scale_Flag                                          
20002cdc  allowDebugKeys                                                     
20002cdd  argPeriodic                                                        
20002cde  argRpaRead                                                         
20002cdf  authenPairingOnly                                                  
20002ce0  autoSyncWL                                                         
20002ce6  bno_low_power                                                      
20002ce7  bonding                                                            
20002ce8  broadcastModus                                                     
20002ce9  calibrateMAGBNO                                                    
20002cea  calibrate_pitch                                                    
20002ceb  calibrate_roll                                                     
20002cee  check_if_open                                                      
20002cef  check_open                                                         
20002cf0  counter_up                                                         
20002cf1  delat_time                                                         
20002cfc  eccDebugKeys                                                       
20002cfd  eccReGenPolicy                                                     
20002cfe  eraseBondWhileInConn                                               
20002cff  error                                                              
20002d00  error_BNO                                                          
20002d01  error_flag_set                                                     
20002d02  flagint                                                            
20002d06  interrupt_clock_active                                             
20002d07  ioCap                                                              
20002d11  keep_on                                                            
20002d12  mitm                                                               
20002d13  mov_calib_status                                                   
20002d16  notify_Client                                                      
20002d1d  opmode                                                             
20002d1e  pairMode                                                           
20002d1f  parameter_mov                                                      
20002d20  parameter_wind                                                     
20002d21  readCount                                                          
20002d22  removeLRUBond                                                      
20002d23  resetBNO                                                           
20002d26  sameIrkAction                                                      
20002d27  secureConnection                                                   
20002d36  sleepModus                                                         
20002d37  speed_counter                                                      
20002d39  ti_sysbios_knl_Idle_initDone                                       
20002d3a  ti_sysbios_runtime_Startup_done                                    
20002d3d  value1                                                             
20002d3e  value2                                                             
20002d3f  value3                                                             
20002d40  deviceNameCharProps                                                
20002d41  appearanceCharProps                                                
20002d42  periConnParamCharProps                                             
20002d43  centAddrResCharProps                                               
20002d44  centAddrRes                                                        
20002d45  resolvablePrivateAddressOnlyCharProps                              
20002d46  GATTServApp_gatt_no_service_changed                                
20002d48  qosDefaultPriorityConnParameter                                    
20002d49  extScanChanMap                                                     
20002d4a  sizeOfAllExtConnParam                                              
20002d4b  rfRatHandle                                                        
20002d4c  smAllowDebugKeysMode                                               
20002d4d  gapEndAppTaskID                                                    
20002d4e  gapAppTaskID                                                       
20002d4f  legacyMode                                                         
20002d50  spTaskStack                                                        
20003550  ti_sysbios_knl_Idle_taskStack                                      
20003b10  i2cCC26xxObjects                                                   
20003c50  rfObject                                                           
20003d50  crcBuf                                                             
20003e50  spiCC26X2DMAObjects                                                
20003f50  ti_sysbios_family_arm_m3_Hwi_dispatchTable                         
200040b5  nvsCC26XXObjects                                                   
200040b8  trngCC26XXObjects                                                  
2000413c  gpioCallbackFunctions                                              
200041b8  gpioUserArgs                                                       
20004234  cbTimers                                                           
20004318  ti_sysbios_knl_ClockSupport_timerStruct                            
20004378  spTask                                                             
200043d0  ti_sysbios_knl_Idle_taskStruct                                     
20004428  aesctrdrbgXXObjects                                                
2000447c  CryptoResourceCC26XX_accessSemaphore                               
200044cc  CryptoResourceCC26XX_operationSemaphore                            
2000451c  PKAResourceCC26XX_accessSemaphore                                  
2000456c  PKAResourceCC26XX_operationSemaphore                               
2000468c  aesctrCC26XXObjects                                                
20004708  nvFptrs                                                            
20004744  ti_sysbios_knl_Swi_readyQs                                         
20004774  ti_sysbios_knl_Task_readyQs                                        
200047a4  NVOCMP_nvHandle                                                    
200047d4  rfSetup                                                            
20004944  llCteSamples                                                       
20004968  aesecbCC26XXObjects                                                
200049cc  req                                                                
200049ec  extInitCmd                                                         
20004a0c  extScanCmd                                                         
20004a2c  gapBond_remoteOobData                                              
20004a4c  gapBond_localOobData                                               
20004a6c  bufRec                                                             
20004a8c  bufSen                                                             
20004aac  ecdhCC26X2Objects                                                  
20004acc  ti_sysbios_runtime_System_atexitHandlers                           
20004aec  udmaCC26XXObject                                                   
20004b44  llPeriodicAdv                                                      
20004b60  BIOS_heapCallbackObject                                            
20004b7c  BIOS_rtsGate                                                       
20004b98  CryptoResourceCC26XX_hwi                                           
20004bb4  PKAResourceCC26XX_hwi                                              
20004bd0  deviceName                                                         
20004be8  aesccmCC26XXObjects                                                
20004c00  bno055                                                             
20004c64  rfMode                                                             
20004ca4  llCteTest                                                          
20004cb0  cteAntennaProp                                                     
20004cbc  llTaskList                                                         
20004cc8  regionAttrs                                                        
20004cec  defaultChannelMap                                                  
20004cf4  secondaryAdvChannelMap                                             
20004cfc  llRfCmdPreemption                                                  
20004d0c  accel_offset_flash                                                 
20004d18  actualTime                                                         
20004d20  mag_offset_flash                                                   
20004d28  sensorData2                                                        
20004d30  sensorData2_Copy                                                   
20004d38  gyro_offset_flash                                                  
20004da4  ggs_AppCBs                                                         
20004dac  BDAddrPerConnHandle                                                
20004db0  llCte                                                              
20004db4  llConnExtParam                                                     
20004db8  extStackSettings                                                   
20004dbc  trngHandle                                                         
20004dc0  LSTORecoveryArr                                                    
20004dc4  pNextAdvSet                                                        
20004dc8  llCurrentMappedChan                                                
20004dcc  drbgHandle                                                         
20004dd0  pRpaCfg                                                            
20004dd4  gapBond_lruBondList                                                
20004dd8  gapBondStateNodeHead                                               
20004ddc  osal_syncHandle                                                    
20004de0  osal_icallMsg_hook                                                 
20004de4  osal_qHead                                                         
20004de8  osal_max_msecs                                                     
20004dec  osal_tickperiod                                                    
20004df0  osal_eventloop_hook                                                
20004dfc  OSAL_timeSeconds                                                   
20004e00  timerHead                                                          
20004e08  osal_last_timestamp                                                
20004e0c  HEAPMGR_SIZE                                                       
20004e10  PowerCC26XX_swiKey                                                 
20004e14  PowerCC26XX_taskKey                                                
20004e18  nvsHandle                                                          
20004e1c  nvsParams                                                          
20004e20  tasksEvents                                                        
20004e24  ti_sysbios_family_arm_cc26xx_TimestampProvider_Module_state        
20004e28  ti_sysbios_knl_Task_defaultStackHeap                               
20004e34  appearance                                                         
20004e36  maximumPduSize                                                     
20004e3a  pwrmgr_attribute                                                   
20004e3c  calibrationStatus                                                  
20004e3e  dat                                                                
20004e40  myUuid                                                             
20004e50  resolvablePrivateAddressOnly                                       
20004e51  GATTServApp_att_delayed_req                                        
20004e52  hciTaskID                                                          
20004e53  hciL2capTaskID                                                     
20004e54  hciGapTaskID                                                       
20004e55  hciSmpTaskID                                                       
20004e56  hciTestTaskID                                                      
20004e57  hciVsEvtMask                                                       
20004e58  scanReqRpt                                                         
20004e59  secondaryAdvChannelMapPopCount                                     
20004e5a  qosDefaultPriorityAdvParameter                                     
20004e5b  maxNumCteDataBufs                                                  
20004e5c  qosDefaultPriorityPerAdvParameter                                  
20004e5d  numActiveAdvSets                                                   
20004e5e  wlSize                                                             
20004e5f  rlSize                                                             
20004e60  decryptResult                                                      
20004e61  llUnhandleNextIntFlag                                              
20004e62  smAuthenPairingOnlyMode                                            
20004e63  icall_liteTaskId                                                   
20004e64  gapBond_removeLRUBond                                              
20004e65  gapBond_syncRL                                                     
20004e66  assertSubcause                                                     
20004e67  osal_entity                                                        
20004e68  pwrmgr_initialized                                                 
20004e69  NVOCMP_size                                                        
20004e6a  gAction                                                            
20004e6b  heapStart                                                          
20013c00  __stack                                                            
20013c00  heapEnd                                                            
20014000  __STACK_END                                                        
20014000  __STACK_TOP                                                        
20014000  __UNUSED_SRAM_end__                                                
ffffffff  __TI_pprof_out_hndl                                                
ffffffff  __TI_prof_data_size                                                
ffffffff  __TI_prof_data_start                                               
ffffffff  __binit__                                                          
ffffffff  binit                                                              
UNDEFED   ITM_flush                                                          
UNDEFED   ITM_restore                                                        
UNDEFED   __c_args__                                                         
UNDEFED   __mpu_init                                                         

[2903 symbols]
