******************************************************************************
            TI ARM Clang Linker Unix v1.3.1                    
******************************************************************************
>> Linked Tue Jan 31 20:56:28 2023

OUTPUT FILE NAME:   <simple_peripheral_CC1352P_2_LAUNCHXL_tirtos7_ticlang.out>
ENTRY POINT SYMBOL: "ResetISR"  address: 000287fd


MEMORY CONFIGURATION

         name            origin    length      used     unused   attr    fill
----------------------  --------  ---------  --------  --------  ----  --------
  FLASH                 00000000   00056000  000317eb  00024815  R  X
  FLASH_LAST_PAGE       00056000   00002000  00000058  00001fa8  R  X
  RTOS_SRAM             20000000   0000012c  000000d8  00000054  RW X
  SRAM                  20000fdf   00013021  00003300  0000fd21  RW X


SEGMENT ALLOCATION MAP

run origin  load origin   length   init length attrs members
----------  ----------- ---------- ----------- ----- -------
00000000    00000000    0002d7f0   0002d7f0    r-x
  00000000    00000000    0000003c   0000003c    r-- .resetVecs
  00000040    00000040    00028fa0   00028fa0    r-x .text
  00028fe0    00028fe0    000041d7   000041d7    r-- .rodata
  0002d1b8    0002d1b8    00000638   00000638    r-- .cinit
00048000    00048000    00004000   00000000    rw-
  00048000    00048000    00004000   00000000    rw- .TI.bound:flashBuf0
00057fa8    00057fa8    00000058   00000058    r--
  00057fa8    00057fa8    00000058   00000058    r-- .ccfg
20001810    20001810    00000010   00000000    rw-
  20001810    20001810    00000010   00000000    rw- .TI.bound:dmaUart0RxControlTableEntry
20001820    20001820    00000010   00000000    rw-
  20001820    20001820    00000010   00000000    rw- .TI.bound:dmaUart0TxControlTableEntry
20001830    20001830    00000010   00000000    rw-
  20001830    20001830    00000010   00000000    rw- .TI.bound:dmaSpi0RxControlTableEntry
20001840    20001840    00000010   00000000    rw-
  20001840    20001840    00000010   00000000    rw- .TI.bound:dmaSpi0TxControlTableEntry
20001a30    20001a30    00000010   00000000    rw-
  20001a30    20001a30    00000010   00000000    rw- .TI.bound:dmaSpi0RxAltControlTableEntry
20001a40    20001a40    00002eb0   00000000    rw-
  20001a40    20001a40    00000010   00000000    rw- .TI.bound:dmaSpi0TxAltControlTableEntry
  20001a50    20001a50    00001012   00000000    rw- .data
  20002a68    20002a68    00001e88   00000000    rw- .bss
20013c00    20013c00    00000400   00000000    rw-
  20013c00    20013c00    00000400   00000000    rw- .stack


SECTION ALLOCATION MAP

 output                                  attributes/
section   page    origin      length       input sections
--------  ----  ----------  ----------   ----------------
.resetVecs 
*          0    00000000    0000003c     
                  00000000    0000003c     ti_sysbios_config.o (.resetVecs)

.cinit     0    0002d1b8    00000638     
                  0002d1b8    000005ae     (.cinit..data.load) [load image, compression = lzss]
                  0002d766    00000002     --HOLE-- [fill = 0]
                  0002d768    0000000c     (__TI_handler_table)
                  0002d774    00000004     --HOLE-- [fill = 0]
                  0002d778    00000008     (.cinit..TI.bound:dmaSpi0RxAltControlTableEntry.load) [load image, compression = zero_init]
                  0002d780    00000008     (.cinit..TI.bound:dmaSpi0RxControlTableEntry.load) [load image, compression = zero_init]
                  0002d788    00000008     (.cinit..TI.bound:dmaSpi0TxAltControlTableEntry.load) [load image, compression = zero_init]
                  0002d790    00000008     (.cinit..TI.bound:dmaSpi0TxControlTableEntry.load) [load image, compression = zero_init]
                  0002d798    00000008     (.cinit..TI.bound:dmaUart0RxControlTableEntry.load) [load image, compression = zero_init]
                  0002d7a0    00000008     (.cinit..TI.bound:dmaUart0TxControlTableEntry.load) [load image, compression = zero_init]
                  0002d7a8    00000008     (.cinit..bss.load) [load image, compression = zero_init]
                  0002d7b0    00000040     (__TI_cinit_table)

.init_array 
*          0    00000000    00000000     UNINITIALIZED

.TI.bound:flashBuf0 
*          0    00048000    00004000     UNINITIALIZED
                  00048000    00004000     ti_drivers_config.o (.TI.bound:flashBuf0)

.ccfg      0    00057fa8    00000058     
                  00057fa8    00000058     ti_devices_config.o (.ccfg)

.vecs      0    20000000    000000d8     NOLOAD SECTION
                  20000000    000000d8     ti_sysbios_config.o (.vecs)

.TI.bound:dmaUart0RxControlTableEntry 
*          0    20001810    00000010     UNINITIALIZED
                  20001810    00000010     ti_drivers_config.o (.TI.bound:dmaUart0RxControlTableEntry)

.TI.bound:dmaUart0TxControlTableEntry 
*          0    20001820    00000010     UNINITIALIZED
                  20001820    00000010     ti_drivers_config.o (.TI.bound:dmaUart0TxControlTableEntry)

.TI.bound:dmaSpi0RxControlTableEntry 
*          0    20001830    00000010     UNINITIALIZED
                  20001830    00000010     ti_drivers_config.o (.TI.bound:dmaSpi0RxControlTableEntry)

.TI.bound:dmaSpi0TxControlTableEntry 
*          0    20001840    00000010     UNINITIALIZED
                  20001840    00000010     ti_drivers_config.o (.TI.bound:dmaSpi0TxControlTableEntry)

.TI.bound:dmaSpi0RxAltControlTableEntry 
*          0    20001a30    00000010     UNINITIALIZED
                  20001a30    00000010     ti_drivers_config.o (.TI.bound:dmaSpi0RxAltControlTableEntry)

.TI.bound:dmaSpi0TxAltControlTableEntry 
*          0    20001a40    00000010     UNINITIALIZED
                  20001a40    00000010     ti_drivers_config.o (.TI.bound:dmaSpi0TxAltControlTableEntry)

.data      0    20001a50    00001012     UNINITIALIZED
                  20001a50    00000174     drivers_cc13x2.a : PowerCC26X2.c.obj (.data.PowerCC26X2_module)
                  20001bc4    00000130     devinfoservice.o (.data.devInfoAttrTbl)
                  20001cf4    000000f4     StackWrapper.a : gapbondmgr.o (.data)
                  20001de8    000000e0     bnoservice.o (.data.sensorAttrTable)
                  20001ec8    000000d0     windservice.o (.data.WindAttrTbl)
                  20001f98    000000b0     OneLib.a : gapgattserver.o (.data)
                  20002048    0000007c     ti_drivers_config.o (.data.gpioPinConfigs)
                  200020c4    00000073     ti_radio_config.o (.data.txPowerTable_2400_pa5_20)
                  20002137    00000001     sensortag_mov.o (.data.ACChasbeenCalibrated)
                  20002138    00000070     OneLib.a : ll_config.o (.data)
                  200021a8    00000068     rf_multiMode_cc13x2.a : RFCC26X2_multiMode.c.cc13x2.ticlang.o (.data..L_MergedGlobals.1)
                  20002210    00000068     ti_sysbios_config.o (.data.ti_sysbios_knl_Clock_Module_state)
                  20002278    00000064     rf_multiMode_cc13x2.a : RFCC26X2_multiMode.c.cc13x2.ticlang.o (.data..L_MergedGlobals.3)
                  200022dc    00000058                           : RFCC26X2_multiMode.c.cc13x2.ticlang.o (.data..L_MergedGlobals.2)
                  20002334    00000050     ti_radio_config.o (.data.pOverrides_bleCommon)
                  20002384    00000040     OneLib.a : gattservapp.o (.data)
                  200023c4    00000040              : sm_pairing.o (.data)
                  20002404    0000003c     icall_user_config.o (.data.nvintfFncStruct)
                  20002440    0000003c     ti_sysbios_config.o (.data.ti_sysbios_family_arm_m3_Hwi_Module_state)
                  2000247c    0000003c     ti_sysbios_config.o (.data.ti_sysbios_knl_Task_Module_state)
                  200024b8    00000038     drivers_cc13x2.a : TRNGCC26XX.c.obj (.data..L_MergedGlobals.1)
                  200024f0    00000030                      : TRNGCC26XX.c.obj (.data..L_MergedGlobals)
                  20002520    00000030     battservice.o (.data.battAttrTbl)
                  20002550    0000002c     ti_sysbios_config.o (.data.BIOS_Module_state)
                  2000257c    00000028     ti_sysbios_config.o (.data.ti_sysbios_knl_Swi_Module_state)
                  200025a4    00000024     ble_user_config.o (.data.eccParams_NISTP256)
                  200025c8    00000024     ti_radio_config.o (.data.pOverrides_bleTxStd)
                  200025ec    00000020     ti_radio_config.o (.data.pOverrides_bleTx20)
                  2000260c    0000001f     simple_peripheral.o (.data.advertData)
                  2000262b    00000001     drivers_cc13x2.a : AESCTRCC26XX.c.obj (.data.AESCTR_isInitialized)
                  2000262c    0000001c     ti_ble_config.o (.data.advParams1)
                  20002648    0000001c     ti_ble_config.o (.data.advParams2)
                  20002664    0000001c     ti_radio_config.o (.data.pOverrides_ble2Mbps)
                  20002680    00000018     ti_radio_config.o (.data.pOverrides_ble1Mbps)
                  20002698    00000015     ti_ble_config.o (.data.attDeviceName)
                  200026ad    00000015     devinfoservice.o (.data.devInfoFirmwareRev)
                  200026c2    00000015     devinfoservice.o (.data.devInfoHardwareRev)
                  200026d7    00000015     devinfoservice.o (.data.devInfoMfrName)
                  200026ec    00000015     devinfoservice.o (.data.devInfoModelNumber)
                  20002701    00000015     devinfoservice.o (.data.devInfoSerialNumber)
                  20002716    00000015     devinfoservice.o (.data.devInfoSoftwareRev)
                  2000272b    00000001     sensortag_mov.o (.data.GYROhasbeenCalibrated)
                  2000272c    00000014     StackWrapper.a : osal.o (.data)
                  20002740    00000013     ti_ble_config.o (.data.scanResData1)
                  20002753    00000012     bnoservice.o (.data.sensorData1)
                  20002765    00000003     windservice.o (.data.WindMastAngleArray)
                  20002768    00000010     ti_radio_config.o (.data.RF_modeBle)
                  20002778    00000010     driverlib.lib : osc.o (.data._hposcCoeffs)
                  20002788    00000010     AS5055.o (.data.angle_average)
                  20002798    00000010     icall_user_config.o (.data.bleAppServiceInfoTable)
                  200027a8    00000010     ti_radio_config.o (.data.pOverrides_bleCoded)
                  200027b8    00000010     main.o (.data.user0Cfg)
                  200027c8    00000010     OneLib.a : gattservapp.o (.data)
                  200027d8    00000010              : ll_data.o (.data)
                  200027e8    0000000e     devinfoservice.o (.data.defaultDevInfo11073Cert)
                  200027f6    0000000d     windservice.o (.data.SensorOffsetUserDesp)
                  20002803    00000001     icall_cc2650.o (.data.ICallPlatform_pwrActivityCount)
                  20002804    0000000c     drivers_cc13x2.a : NVSCC26XX.c.obj (.data..L_MergedGlobals)
                  20002810    0000000c     windservice.o (.data.WindOffset)
                  2000281c    0000000c     sensortag_wind.o (.data.WindOffsetArray)
                  20002828    0000000c     sensortag_wind.o (.data.WindOffset_local)
                  20002834    0000000c     battservice.o (.data.battLevel_custom)
                  20002840    0000000c     bnoservice.o (.data.sensorData3)
                  2000284c    0000000c     ti_sysbios_config.o (.data.ti_sysbios_family_arm_cc26xx_Timer_Module_state)
                  20002858    0000000c     ti_sysbios_config.o (.data.ti_sysbios_runtime_Error_ignore)
                  20002864    0000000c     ti_sysbios_config.o (.data.ti_sysbios_runtime_System_Module_state)
                  20002870    0000000b     ti_ble_config.o (.data.advData2)
                  2000287b    00000001     ti_ble_config.o (.data.KeyDistList)
                  2000287c    00000008     rf_multiMode_cc13x2.a : RFCC26X2_multiMode.c.cc13x2.ticlang.o (.data..L_MergedGlobals)
                  20002884    00000008                           : RFCC26X2_multiMode.c.cc13x2.ticlang.o (.data.RFCC26XX_schedulerPolicy)
                  2000288c    00000008     simple_peripheral.o (.data.SimplePeripheral_BondMgrCBs)
                  20002894    00000004     simple_peripheral.o (.data.AWA_offset)
                  20002898    00000008     simple_peripheral.o (.data.Wind_Speed)
                  200028a0    00000008     devinfoservice.o (.data.devInfoSystemId)
                  200028a8    00000008     sensortag_wind.o (.data.elapsedTime)
                  200028b0    00000008     sensortag_wind.o (.data.mseconds)
                  200028b8    00000008     sensortag_wind.o (.data.rememberTime)
                  200028c0    00000008     bnoservice.o (.data.sensorData2)
                  200028c8    00000008     ti_sysbios_config.o (.data.ti_sysbios_gates_GateMutexPri_Module_state)
                  200028d0    00000008     ti_sysbios_config.o (.data.ti_sysbios_heaps_HeapCallback_Module_state)
                  200028d8    00000008     ti_sysbios_config.o (.data.ti_sysbios_knl_Event_state)
                  200028e0    00000008     ti_sysbios_config.o (.data.ti_sysbios_knl_Semaphore_Module_state)
                  200028e8    00000008     OneLib.a : gapgattserver.o (.data)
                  200028f0    00000007     devinfoservice.o (.data.devInfoPnpId)
                  200028f7    00000006     simple_peripheral.o (.data.rpa)
                  200028fd    00000006     simple_peripheral.o (.data.serial_number)
                  20002903    00000001     ti_ble_config.o (.data.KeySize)
                  20002904    00000004     simple_peripheral.o (.data.AWS_offset)
                  20002908    00000004     AS5055.o (.data.Angle_Value)
                  2000290c    00000004     BQ27441.o (.data.CONF_DESIGN_CAPACITY)
                  20002910    00000004     BQ27441.o (.data.CONF_DESIGN_ENERGY)
                  20002914    00000004     BQ27441.o (.data.CONF_TAPER_RATE)
                  20002918    00000004     BQ27441.o (.data.CONF_TERMINATE_VOLTAGE)
                  2000291c    00000004     icall_cc2650.o (.data.ICallPlatform_pwrCfgACAction)
                  20002920    00000004     icall.o (.data.ICall_dispatcher)
                  20002924    00000004     icall.o (.data.ICall_enterCriticalSection)
                  20002928    00000004     icall.o (.data.ICall_initParams)
                  2000292c    00000004     icall.o (.data.ICall_leaveCriticalSection)
                  20002930    00000004     rf_multiMode_cc13x2.a : RFCC26X2_multiMode.c.cc13x2.ticlang.o (.data.RF_fsmActiveState.lfClockSourceLast)
                  20002934    00000004     BQ27441.o (.data.SET_CFGUPDATE)
                  20002938    00000004     DRV5013.o (.data.Speed_Counter)
                  2000293c    00000004     sensortag_wind.o (.data.Speed_Counter_Save)
                  20002940    00000004     simple_peripheral.o (.data.Wind_Direction)
                  20002944    00000004     libc.a : aeabi_portable.c.obj (.data.__aeabi_errno)
                  20002948    00000004            : _lock.c.obj (.data._lock)
                  2000294c    00000004            : _lock.c.obj (.data._unlock)
                  20002950    00000004     AS5055.o (.data.angle)
                  20002954    00000004     ble_user_config.o (.data.appAssertCback)
                  20002958    00000004     battservice.o (.data.battServiceSetupCB)
                  2000295c    00000004     battservice.o (.data.battServiceTeardownCB)
                  20002960    00000004     YIC71513PGMGG.o (.data.byteAvailable)
                  20002964    00000004     AS5055.o (.data.count_samples)
                  20002968    00000004     devinfoservice.o (.data.devInfo11073Cert)
                  2000296c    00000004     simple_peripheral.o (.data.devInfoHardwareRev)
                  20002970    00000004     icall.o (.data.heapmgrHeap)
                  20002974    00000004     icall.o (.data.heapmgrHeapStore)
                  20002978    00000004     icall.o (.data.heapmgrMemFreeTotal)
                  2000297c    00000004     SensorI2C.o (.data.i2cHandle)
                  20002980    00000004     ble_user_config_stack.o (.data.icallServiceTblPtr)
                  20002984    00000004     BNO055.o (.data.isrCallbackFn)
                  20002988    00000004     sensortag_wind.o (.data.mINTseconds)
                  2000298c    00000004     ti_ble_config.o (.data.pRandomAddress)
                  20002990    00000004     icall_api_lite.o (.data.pRfErrCb)
                  20002994    00000004     icall_api_lite.o (.data.pfnBMAlloc)
                  20002998    00000004     icall_api_lite.o (.data.pfnBMFree)
                  2000299c    00000004     sensortag_mov.o (.data.sensorCallbacks)
                  200029a0    00000004     sensortag_wind.o (.data.sensorCallbacks)
                  200029a4    00000004     bnoservice.o (.data.sensor_AppCBs)
                  200029a8    00000004     bsp_spi.o (.data.spiHandle)
                  200029ac    00000004     ti_sysbios_config.o (.data.terminatedList)
                  200029b0    00000004     ti_sysbios_config.o (.data.ti_sysbios_runtime_Memory_defaultHeapInstance)
                  200029b4    00000004     OneLib.a : ll_slave_end_causes.o (.data)
                  200029b8    00000004     StackWrapper.a : hal_assert.o (.data)
                  200029bc    00000003     sensortag_wind.o (.data.WindMastAngleArray_local)
                  200029bf    00000001     sensortag_mov.o (.data.MAGhasbeenCalibrated)
                  200029c0    00000002     simple_peripheral.o (.data.MastAngle)
                  200029c2    00000002     simple_peripheral.o (.data.OpenWind_COG)
                  200029c4    00000002     simple_peripheral.o (.data.OpenWind_SOG)
                  200029c6    00000002     BQ27441.o (.data.average_current)
                  200029c8    00000002     battservice.o (.data.battMaxLevel)
                  200029ca    00000002     ble_user_config.o (.data.bleUserCfg_maxPduSize)
                  200029cc    00000002     AS5055.o (.data.data)
                  200029ce    00000002     sensortag_mov.o (.data.pitch_offset)
                  200029d0    00000002     sensortag_mov.o (.data.pitch_value)
                  200029d2    00000002     YIC71513PGMGG.o (.data.readReturn)
                  200029d4    00000002     BQ27441.o (.data.remaining_capacity)
                  200029d6    00000002     sensortag_mov.o (.data.roll_offset)
                  200029d8    00000002     sensortag_mov.o (.data.roll_value)
                  200029da    00000002     BQ27441.o (.data.state_charge)
                  200029dc    00000002     BQ27441.o (.data.system_capacity)
                  200029de    00000002     BQ27441.o (.data.temperature)
                  200029e0    00000002     BQ27441.o (.data.timeOut)
                  200029e2    00000002     AS5055.o (.data.value)
                  200029e4    00000002     BQ27441.o (.data.voltage)
                  200029e6    00000002     sensortag_mov.o (.data.yaw_offset)
                  200029e8    00000002     sensortag_mov.o (.data.yaw_value)
                  200029ea    00000002     OneLib.a : ll.o (.data)
                  200029ec    00000002              : ll_config.o (.data)
                  200029ee    00000002     StackWrapper.a : osal_cbtimer.o (.data)
                  200029f0    00000001     bnoservice.o (.data.Movement_setParameter_bno.zeroCount)
                  200029f1    00000001     nvocmp.o (.data.NVOCMP_failF)
                  200029f2    00000001     simple_peripheral.o (.data.OpenWind_LED_Task.sleep)
                  200029f3    00000001     simple_peripheral.o (.data.OpenWind_START_BAT)
                  200029f4    00000001     simple_peripheral.o (.data.OpenWind_START_DIRECTION)
                  200029f5    00000001     simple_peripheral.o (.data.OpenWind_START_GPS)
                  200029f6    00000001     simple_peripheral.o (.data.OpenWind_START_MOV)
                  200029f7    00000001     simple_peripheral.o (.data.OpenWind_has_Connection)
                  200029f8    00000001     simple_peripheral.o (.data.OpenWind_setAdvertising.advertEnabledNonConnectable)
                  200029f9    00000001     drivers_cc13x2.a : PKAResourceCC26XX.c.obj (.data.PKAResourceCC26XX_pollingFlag)
                  200029fa    00000001     bsp_spi.o (.data.SPI_PINS)
                  200029fb    00000001     sensortag_mov.o (.data.SensorTagMov_processSensorEvent.counter)
                  200029fc    00000001     bnoservice.o (.data.WindCommand)
                  200029fd    00000001     windservice.o (.data.WindCommand)
                  200029fe    00000001     bnoservice.o (.data.WindCommandProps)
                  200029ff    00000001     windservice.o (.data.WindCommandProps)
                  20002a00    00000001     windservice.o (.data.WindKeep)
                  20002a01    00000001     windservice.o (.data.WindKeepProps)
                  20002a02    00000001     windservice.o (.data.WindMastAngleProps)
                  20002a03    00000001     windservice.o (.data.WindMeas)
                  20002a04    00000001     windservice.o (.data.WindMeasProps)
                  20002a05    00000001     windservice.o (.data.WindOffsetProps)
                  20002a06    00000001     simple_peripheral.o (.data.Wind_Direction_Scale_Flag)
                  20002a07    00000001     simple_peripheral.o (.data.addrMode)
                  20002a08    00000001     ti_ble_config.o (.data.allowDebugKeys)
                  20002a09    00000001     simple_peripheral.o (.data.argRpaRead)
                  20002a0a    00000001     ti_ble_config.o (.data.authenPairingOnly)
                  20002a0b    00000001     simple_peripheral.o (.data.autoConnect)
                  20002a0c    00000001     ti_ble_config.o (.data.autoSyncWL)
                  20002a0d    00000001     rf_multiMode_cc13x2.a : rf_patch_cpe_bt5.c.cc13x2.ticlang.o (.data.bBt5PatchEntered)
                  20002a0e    00000001                           : rf_patch_cpe_multi_protocol_rtls.c.cc13x2.ticlang.o (.data.bMultiProtocolRtlsPatchEntered)
                  20002a0f    00000001     battservice.o (.data.battLevel)
                  20002a10    00000001     battservice.o (.data.battLevelProps)
                  20002a11    00000001     simple_peripheral.o (.data.bno_low_power)
                  20002a12    00000001     ti_ble_config.o (.data.bonding)
                  20002a13    00000001     sensortag_mov.o (.data.calibrateMAGBNO)
                  20002a14    00000001     sensortag_mov.o (.data.calibrate_pitch)
                  20002a15    00000001     sensortag_mov.o (.data.calibrate_roll)
                  20002a16    00000001     bnoservice.o (.data.calibration_Reset)
                  20002a17    00000001     DRV5013.o (.data.check_if_open)
                  20002a18    00000001     AS5055.o (.data.check_open)
                  20002a19    00000001     sensortag_wind.o (.data.counter_up)
                  20002a1a    00000001     BQ27441.o (.data.delat_time)
                  20002a1b    00000001     devinfoservice.o (.data.devInfo11073CertLen)
                  20002a1c    00000001     devinfoservice.o (.data.devInfo11073CertProps)
                  20002a1d    00000001     devinfoservice.o (.data.devInfoFirmwareRevProps)
                  20002a1e    00000001     devinfoservice.o (.data.devInfoHardwareRevProps)
                  20002a1f    00000001     devinfoservice.o (.data.devInfoMfrNameProps)
                  20002a20    00000001     devinfoservice.o (.data.devInfoModelNumberProps)
                  20002a21    00000001     devinfoservice.o (.data.devInfoPnpIdProps)
                  20002a22    00000001     devinfoservice.o (.data.devInfoSerialNumberProps)
                  20002a23    00000001     devinfoservice.o (.data.devInfoSoftwareRevProps)
                  20002a24    00000001     devinfoservice.o (.data.devInfoSystemIdProps)
                  20002a25    00000001     ti_ble_config.o (.data.eccDebugKeys)
                  20002a26    00000001     ti_ble_config.o (.data.eccReGenPolicy)
                  20002a27    00000001     ti_ble_config.o (.data.eraseBondWhileInConn)
                  20002a28    00000001     BQ27441.o (.data.error)
                  20002a29    00000001     sensortag_mov.o (.data.error_BNO)
                  20002a2a    00000001     AS5055.o (.data.error_flag_set)
                  20002a2b    00000001     AS5055.o (.data.flagint)
                  20002a2c    00000001     icall.o (.data.heapInitialize)
                  20002a2d    00000001     drivers_cc13x2.a : GPIOCC26X2.c.obj (.data.initCalled)
                  20002a2e    00000001     sensortag_mov.o (.data.interrupt_clock_active)
                  20002a2f    00000001     ti_ble_config.o (.data.ioCap)
                  20002a30    00000001     drivers_cc13x2.a : AESCCMCC26XX.c.obj (.data.isInitialized)
                  20002a31    00000001                      : AESCTRDRBGXX.c.obj (.data.isInitialized)
                  20002a32    00000001                      : AESECBCC26XX.c.obj (.data.isInitialized)
                  20002a33    00000001                      : CryptoResourceCC26XX.c.obj (.data.isInitialized)
                  20002a34    00000001                      : ECDHCC26X2.c.obj (.data.isInitialized)
                  20002a35    00000001                      : NVS.c.obj (.data.isInitialized)
                  20002a36    00000001                      : PKAResourceCC26XX.c.obj (.data.isInitialized)
                  20002a37    00000001                      : SPI.c.obj (.data.isInitialized)
                  20002a38    00000001     YIC71513PGMGG.o (.data.isReading)
                  20002a39    00000001     simple_peripheral.o (.data.keep_on)
                  20002a3a    00000001     ti_ble_config.o (.data.mitm)
                  20002a3b    00000001     sensortag_mov.o (.data.mov_calib_status)
                  20002a3c    00000001     bsp_spi.o (.data.nUsers)
                  20002a3d    00000001     sensortag_mov.o (.data.notify_Client)
                  20002a3e    00000001     sensortag_mov.o (.data.opmode)
                  20002a3f    00000001     ti_ble_config.o (.data.pairMode)
                  20002a40    00000001     sensortag_mov.o (.data.parameter_mov)
                  20002a41    00000001     sensortag_wind.o (.data.parameter_wind)
                  20002a42    00000001     bnoservice.o (.data.readCount)
                  20002a43    00000001     ti_ble_config.o (.data.removeLRUBond)
                  20002a44    00000001     sensortag_mov.o (.data.resetBNO)
                  20002a45    00000001     ti_ble_config.o (.data.sameIrkAction)
                  20002a46    00000001     ti_ble_config.o (.data.secureConnection)
                  20002a47    00000001     bnoservice.o (.data.sensorCalibrateProps)
                  20002a48    00000001     bnoservice.o (.data.sensorCfg1Props)
                  20002a49    00000001     bnoservice.o (.data.sensorData2Props)
                  20002a4a    00000001     bnoservice.o (.data.sensorPeriod)
                  20002a4b    00000001     bnoservice.o (.data.sensor_WriteAttrCB_bno.zeroTest)
                  20002a4c    00000001     sensortag_wind.o (.data.speed_counter)
                  20002a4d    00000001     ti_sysbios_config.o (.data.ti_sysbios_knl_Idle_initDone)
                  20002a4e    00000001     ti_sysbios_config.o (.data.ti_sysbios_runtime_Startup_done)
                  20002a4f    00000001     sensortag_mov.o (.data.value1)
                  20002a50    00000001     sensortag_mov.o (.data.value2)
                  20002a51    00000001     sensortag_mov.o (.data.value3)
                  20002a52    00000001     OneLib.a : gapgattserver.o (.data)
                  20002a53    00000001              : gapgattserver.o (.data)
                  20002a54    00000001              : gapgattserver.o (.data)
                  20002a55    00000001              : gapgattserver.o (.data)
                  20002a56    00000001              : gapgattserver.o (.data)
                  20002a57    00000001              : gapgattserver.o (.data)
                  20002a58    00000001              : gattservapp.o (.data)
                  20002a59    00000001              : gattservapp.o (.data)
                  20002a5a    00000001              : ll.o (.data)
                  20002a5b    00000001              : ll_ae.o (.data)
                  20002a5c    00000001              : ll_data.o (.data)
                  20002a5d    00000001              : ll_scheduler.o (.data)
                  20002a5e    00000001              : sm_task.o (.data)
                  20002a5f    00000001     StackWrapper.a : gap.o (.data)
                  20002a60    00000001                    : gap.o (.data)
                  20002a61    00000001                    : hal_assert.o (.data)

.bss       0    20002a68    00001e88     UNINITIALIZED
                  20002a68    00000400     (.common:spTaskStack)
                  20002e68    00000300     (.common:ti_sysbios_knl_Idle_taskStack)
                  20003168    000002c0     rf_multiMode_cc13x2.a : RFCC26X2_multiMode.c.cc13x2.ticlang.o (.bss.RF_cmdPool)
                  20003428    00000170     (.common:uart2CC26X2Objects)
                  20003598    00000140     (.common:i2cCC26xxObjects)
                  200036d8    00000100     OneLib.a : ll.o (.bss)
                  200037d8    00000100     (.common:spiCC26X2DMAObjects)
                  200038d8    000000d8     (.common:ti_sysbios_family_arm_m3_Hwi_dispatchTable)
                  200039b0    000000c0     simple_peripheral.o (.bss.connList)
                  20003a70    000000a0     (.common:line)
                  20003b10    00000084     (.common:trngCC26XXObjects)
                  20003b94    0000007c     (.common:gpioCallbackFunctions)
                  20003c10    0000007c     (.common:gpioUserArgs)
                  20003c8c    00000078     ti_drivers_config.o (.bss.uart2RxRingBuffer0)
                  20003d04    00000078     StackWrapper.a : osal_cbtimer.o (.bss)
                  20003d7c    00000004     icall.o (.bss.ICall_heapCSState)
                  20003d80    00000068     rf_multiMode_cc13x2.a : RFCC26X2_multiMode.c.cc13x2.ticlang.o (.bss.RF_ratModule)
                  20003de8    00000060     (.common:ti_sysbios_knl_ClockSupport_timerStruct)
                  20003e48    00000058     (.common:spTask)
                  20003ea0    00000058     (.common:ti_sysbios_knl_Idle_taskStruct)
                  20003ef8    00000054     (.common:aesctrdrbgXXObjects)
                  20003f4c    00000050     (.common:CryptoResourceCC26XX_accessSemaphore)
                  20003f9c    00000050     (.common:CryptoResourceCC26XX_operationSemaphore)
                  20003fec    00000050     (.common:PKAResourceCC26XX_accessSemaphore)
                  2000403c    00000050     (.common:PKAResourceCC26XX_operationSemaphore)
                  2000408c    00000048     icall.o (.bss.ICall_entities)
                  200040d4    00000044     rf_multiMode_cc13x2.a : RFCC26X2_multiMode.c.cc13x2.ticlang.o (.bss.RF_clkInactivityObj)
                  20004118    00000044                           : RFCC26X2_multiMode.c.cc13x2.ticlang.o (.bss.RF_clkPowerUpObj)
                  2000415c    00000040     (.common:aesctrCC26XXObjects)
                  2000419c    0000003c                           : RFCC26X2_multiMode.c.cc13x2.ticlang.o (.bss.RF_swiHwObj)
                  200041d8    0000003c     StackWrapper.a : osal_snv_wrapper.o (.bss)
                  20004214    00000030     (.common:ti_sysbios_knl_Swi_readyQs)
                  20004244    00000030     (.common:ti_sysbios_knl_Task_readyQs)
                  20004274    0000002e     (.common:NVOCMP_nvHandle)
                  200042a2    00000002     bnoservice.o (.bss.calibration_Status)
                  200042a4    0000002c     OneLib.a : ll.o (.bss)
                  200042d0    00000024     icall.o (.bss.ICall_tasks)
                  200042f4    00000024     simple_peripheral.o (.bss.clkRpaRead)
                  20004318    00000024     simple_peripheral.o (.bss.ow_clk_LED)
                  2000433c    00000024     simple_peripheral.o (.bss.ow_clk_bat)
                  20004360    00000024     simple_peripheral.o (.bss.ow_clk_gps)
                  20004384    00000024     simple_peripheral.o (.bss.ow_clk_mov)
                  200043a8    00000024     simple_peripheral.o (.bss.ow_clk_wind_dir)
                  200043cc    00000024     OneLib.a : ll.o (.bss)
                  200043f0    00000024     (.common:aesecbCC26XXObjects)
                  20004414    00000024     (.common:uartParams)
                  20004438    00000020     SensorI2C.o (.bss.buffer)
                  20004458    00000020     bsp_spi.o (.bss.spiParams)
                  20004478    00000020     ti_drivers_config.o (.bss.uart2TxRingBuffer0)
                  20004498    00000020     OneLib.a : gattservapp.o (.bss)
                  200044b8    00000020              : ll_ae.o (.bss)
                  200044d8    00000020              : ll_ae.o (.bss)
                  200044f8    00000020     StackWrapper.a : gapbondmgr.o (.bss)
                  20004518    00000020                    : gapbondmgr.o (.bss)
                  20004538    00000020     (.common:bufRec)
                  20004558    00000020     (.common:bufSen)
                  20004578    00000020     (.common:ecdhCC26X2Objects)
                  20004598    00000020     (.common:ti_sysbios_runtime_System_atexitHandlers)
                  200045b8    00000020     (.common:udmaCC26XXObject)
                  200045d8    0000001c     drivers_cc13x2.a : GPIOCC26X2.c.obj (.bss.gpioHwi)
                  200045f4    0000001c     SensorI2C.o (.bss.mutex)
                  20004610    0000001c     OneLib.a : ll_ae.o (.bss)
                  2000462c    0000001c     (.common:BIOS_heapCallbackObject)
                  20004648    0000001c     (.common:BIOS_rtsGate)
                  20004664    0000001c     (.common:CryptoResourceCC26XX_hwi)
                  20004680    0000001c     (.common:PKAResourceCC26XX_hwi)
                  2000469c    00000018              : gapgattserver.o (.bss)
                  200046b4    00000018     (.common:aesccmCC26XXObjects)
                  200046cc    00000018     (.common:bno055)
                  200046e4    00000014     drivers_cc13x2.a : Random.c.obj (.bss.state)
                  200046f8    00000012     sensortag_mov.o (.bss.sensorData1)
                  2000470a    00000002     sensortag_wind.o (.bss.gapConnHandle)
                  2000470c    00000010     SensorI2C.o (.bss.i2cParams)
                  2000471c    00000010     OneLib.a : ll.o (.bss)
                  2000472c    0000000c     nvocmp.o (.bss.NVOCMP_itemBuffer)
                  20004738    0000000c     nvocmp.o (.bss.NVOCMP_nvsAttrs)
                  20004744    0000000c     sensortag_mov.o (.bss.sensorData3)
                  20004750    0000000c     OneLib.a : ll.o (.bss)
                  2000475c    0000000c              : ll.o (.bss)
                  20004768    0000000c              : ll_scheduler.o (.bss)
                  20004774    00000008     simple_peripheral.o (.bss.appMsgQueue)
                  2000477c    00000008     simple_peripheral.o (.bss.paramUpdateList)
                  20004784    00000008     simple_peripheral.o (.bss.setPhyCommStatList)
                  2000478c    00000008     OneLib.a : ll.o (.bss)
                  20004794    00000008              : ll.o (.bss)
                  2000479c    00000008              : ll_ae.o (.bss)
                  200047a4    00000008     StackWrapper.a : gapbondmgr.o (.bss)
                  200047ac    00000008     (.common:accel_offset_flash)
                  200047b4    00000004     nvocmp.o (.bss.NVOCMP_gMutexPri)
                  200047b8    00000008     (.common:actualTime)
                  200047c0    00000008     (.common:mag_offset_flash)
                  200047c8    00000008     (.common:sensorData2)
                  200047d0    00000008     (.common:sensorData2_Copy)
                  200047d8    00000006     (.common:gyro_offset_flash)
                  200047de    00000002     bnoservice.o (.bss.sensorAxisMap)
                  200047e0    00000004     nvocmp.o (.bss.NVOCMP_nvsHandle)
                  200047e4    00000004     nvocmp.o (.bss.NVOCMP_voltCheckFptr)
                  200047e8    00000004     windservice.o (.bss.WindMeasClientCharCfg)
                  200047ec    00000004     windservice.o (.bss.WindServiceCB)
                  200047f0    00000004     simple_peripheral.o (.bss.appMsgQueueHandle)
                  200047f4    00000004     battservice.o (.bss.battServiceCB)
                  200047f8    00000004     icall.o (.bss.heapmgrFf1)
                  200047fc    00000004     icall.o (.bss.heapmgrFf2)
                  20004800    00000004     driverlib.lib : osc.o (.bss.oscHfGlobals.0)
                  20004804    00000004                   : osc.o (.bss.oscHfGlobals.2)
                  20004808    00000004                   : osc.o (.bss.oscHfGlobals.3)
                  2000480c    00000004                   : osc.o (.bss.oscHfGlobals.4)
                  20004810    00000004     BNO055.o (.bss.p_bno055)
                  20004814    00000004     drivers_cc13x2.a : ECDHCC26X2.c.obj (.bss.resultPKAMemAddr)
                  20004818    00000004     bnoservice.o (.bss.sensorData1Config)
                  2000481c    00000004     bnoservice.o (.bss.sensorData2Config)
                  20004820    00000004     bnoservice.o (.bss.sensorData3Config)
                  20004824    00000004     simple_peripheral.o (.bss.syncEvent)
                  20004828    00000004     OneLib.a : gapgattserver.o (.bss)
                  2000482c    00000004              : gattservapp.o (.bss)
                  20004830    00000004              : linkdb.o (.bss)
                  20004834    00000004              : ll.o (.bss)
                  20004838    00000004              : ll.o (.bss)
                  2000483c    00000004              : ll.o (.bss)
                  20004840    00000004              : ll.o (.bss)
                  20004844    00000004              : ll.o (.bss)
                  20004848    00000004              : ll_ae.o (.bss)
                  2000484c    00000004              : ll_common.o (.bss)
                  20004850    00000004              : ll_enc.o (.bss)
                  20004854    00000004              : ll_privacy.o (.bss)
                  20004858    00000004     StackWrapper.a : gapbondmgr.o (.bss)
                  2000485c    00000004                    : gapbondmgr.o (.bss)
                  20004860    00000004                    : osal.o (.bss)
                  20004864    00000004                    : osal.o (.bss)
                  20004868    00000004                    : osal.o (.bss)
                  2000486c    00000004                    : osal.o (.bss)
                  20004870    00000004                    : osal.o (.bss)
                  20004874    00000004                    : osal.o (.bss)
                  20004878    00000004                    : osal_bufmgr.o (.bss)
                  2000487c    00000004                    : osal_clock.o (.bss)
                  20004880    00000004                    : osal_clock.o (.bss)
                  20004884    00000004                    : osal_timers.o (.bss)
                  20004888    00000004                    : osal_timers.o (.bss)
                  2000488c    00000004                    : osal_timers.o (.bss)
                  20004890    00000004     (.common:HEAPMGR_SIZE)
                  20004894    00000004     (.common:PowerCC26XX_swiKey)
                  20004898    00000004     (.common:PowerCC26XX_taskKey)
                  2000489c    00000004     (.common:bytesRead)
                  200048a0    00000004     (.common:tasksEvents)
                  200048a4    00000004     (.common:ti_sysbios_family_arm_cc26xx_TimestampProvider_Module_state)
                  200048a8    00000004     (.common:ti_sysbios_knl_Task_defaultStackHeap)
                  200048ac    00000004     (.common:uart)
                  200048b0    00000002     sensortag_mov.o (.bss.sensorAxisMap)
                  200048b2    00000002     bnoservice.o (.bss.sensorCfg2)
                  200048b4    00000002     sensortag_mov.o (.bss.sensorPeriod)
                  200048b6    00000002     sensortag_wind.o (.bss.sensorPeriod)
                  200048b8    00000002     OneLib.a : gapgattserver.o (.bss)
                  200048ba    00000002              : ll.o (.bss)
                  200048bc    00000002              : ll_slave_end_causes.o (.bss)
                  200048be    00000002     StackWrapper.a : osal_pwrmgr.o (.bss)
                  200048c0    00000002     (.common:calibrationStatus)
                  200048c2    00000002     (.common:dat)
                  200048c4    00000002     (.common:myUuid)
                  200048c6    00000001     nvocmp.o (.bss.NVOCMP_failW)
                  200048c7    00000001     simple_peripheral.o (.bss.advHandleLegacy)
                  200048c8    00000001     simple_peripheral.o (.bss.advHandleLongRange)
                  200048c9    00000001     sensortag_mov.o (.bss.appState)
                  200048ca    00000001     sensortag_mov.o (.bss.bnoDataRdy)
                  200048cb    00000001     SensorI2C.o (.bss.interface)
                  200048cc    00000001     simple_peripheral.o (.bss.selfEntity)
                  200048cd    00000001     bnoservice.o (.bss.sensorCfg1)
                  200048ce    00000001     sensortag_mov.o (.bss.sensorConfig1)
                  200048cf    00000001     sensortag_mov.o (.bss.sensorConfig2)
                  200048d0    00000001     sensortag_mov.o (.bss.sensorReadScheduled)
                  200048d1    00000001     sensortag_wind.o (.bss.sensorReadScheduled)
                  200048d2    00000001     SensorI2C.o (.bss.slaveAddr)
                  200048d3    00000001     OneLib.a : gapgattserver.o (.bss)
                  200048d4    00000001              : gattservapp.o (.bss)
                  200048d5    00000001              : hci_tl.o (.bss)
                  200048d6    00000001              : hci_tl.o (.bss)
                  200048d7    00000001              : hci_tl.o (.bss)
                  200048d8    00000001              : hci_tl.o (.bss)
                  200048d9    00000001              : hci_tl.o (.bss)
                  200048da    00000001              : hci_tl.o (.bss)
                  200048db    00000001              : ll.o (.bss)
                  200048dc    00000001              : ll.o (.bss)
                  200048dd    00000001              : ll.o (.bss)
                  200048de    00000001              : ll.o (.bss)
                  200048df    00000001              : ll.o (.bss)
                  200048e0    00000001              : ll_ae.o (.bss)
                  200048e1    00000001              : ll_config.o (.bss)
                  200048e2    00000001              : ll_config.o (.bss)
                  200048e3    00000001              : ll_enc.o (.bss)
                  200048e4    00000001              : ll_isr.o (.bss)
                  200048e5    00000001              : sm_task.o (.bss)
                  200048e6    00000001     StackWrapper.a : ble_dispatch_lite.o (.bss)
                  200048e7    00000001                    : gapbondmgr.o (.bss)
                  200048e8    00000001                    : gapbondmgr.o (.bss)
                  200048e9    00000001                    : hal_assert.o (.bss)
                  200048ea    00000001                    : osal.o (.bss)
                  200048eb    00000001                    : osal_pwrmgr.o (.bss)
                  200048ec    00000001     (.common:NVOCMP_size)
                  200048ed    00000001     (.common:gAction)
                  200048ee    00000001     (.common:input)
                  200048ef    00000001     (.common:nvsCC26XXObjects)

.vtable    0    200048f0    00000000     UNINITIALIZED

.vtable_ram 
*          0    200048f0    00000000     UNINITIALIZED

vtable_ram 
*          0    200048f0    00000000     UNINITIALIZED

.sysmem    0    200048f0    00000000     UNINITIALIZED

.nonretenvar 
*          0    200048f0    00000000     UNINITIALIZED

.stack     0    20013c00    00000400     UNINITIALIZED
                  20013c00    00000004     sysbios.a : boot_cortex_m.obj (.stack)
                  20013c04    000003fc     --HOLE--

.text      0    00000040    00028fa0     
                  00000040    00000be0     StackWrapper.a : gapbondmgr.o (.text)
                  00000c20    000006ec                    : gapbondmgr.o (.text)
                  0000130c    000006d8     OneLib.a : ll_adv_end_causes.o (.text)
                  000019e4    00000658     nmea0183.o (.text.minmea_scan)
                  0000203c    00000548     BQ27441.o (.text.BQ27441_initConfig)
                  00002584    000004d0     OneLib.a : ll_ae.o (.text)
                  00002a54    00000498     rf_multiMode_cc13x2.a : RFCC26X2_multiMode.c.cc13x2.ticlang.o (.text.RF_fsmActiveState)
                  00002eec    00000482     simple_peripheral.o (.text.SimplePeripheral_processGapMessage)
                  0000336e    00000002     ti_sysbios_config.o (.text.BIOS_nullFunc)
                  00003370    00000480     OneLib.a : ble.o (.text)
                  000037f0    0000047c              : ll_isr.o (.text)
                  00003c6c    00000448              : ll.o (.text)
                  000040b4    00000444     simple_peripheral.o (.text.SimplePeripheral_processCmdCompleteEvt)
                  000044f8    0000043c     OneLib.a : ll_slave_end_causes.o (.text)
                  00004934    000003fc     sensortag_mov.o (.text.SensorTagMov_processSensorEvent)
                  00004d30    000003e0     BNO055.o (.text.bno055_write_mag_offset)
                  00005110    000003d0     BNO055.o (.text.bno055_write_accel_offset)
                  000054e0    0000038c     OneLib.a : ll_scheduler.o (.text)
                  0000586c    00000348              : ll_ae.o (.text)
                  00005bb4    00000340              : ll_slave_end_causes.o (.text)
                  00005ef4    0000033e     sensortag_mov.o (.text.SensorTagMov_processCharChangeEvt)
                  00006232    00000002     ti_drivers_config.o (.text.Board_initHook)
                  00006234    00000338     OneLib.a : ll_ae.o (.text)
                  0000656c    00000334              : ll_scheduler.o (.text)
                  000068a0    00000320     bnoservice.o (.text.sensor_WriteAttrCB_bno)
                  00006bc0    00000314     BNO055.o (.text.bno055_write_gyro_offset)
                  00006ed4    0000030c     OneLib.a : ll_ae.o (.text)
                  000071e0    000002d8     sensortag_wind.o (.text.SensorTagWind_readData)
                  000074b8    000002cc     nvocmp.o (.text.NVOCMP_initNv)
                  00007784    000002c8     drivers_cc13x2.a : SPICC26X2DMA.c.obj (.text.SPICC26X2DMA_transfer)
                  00007a4c    000002b0     StackWrapper.a : gapbondmgr.o (.text)
                  00007cfc    0000029c     rf_multiMode_cc13x2.a : RFCC26X2_multiMode.c.cc13x2.ticlang.o (.text.RF_open)
                  00007f98    00000294     OneLib.a : ll.o (.text)
                  0000822c    00000294              : ll_ae.o (.text)
                  000084c0    00000292     nvocmp.o (.text.NVOCMP_compact)
                  00008752    0000028c     simple_peripheral.o (.text.SimplePeripheral_init)
                  000089de    00000284     simple_peripheral.o (.text.OpenWindFlash_Read)
                  00008c62    00000278     nvocmp.o (.text.NVOCMP_writeItem)
                  00008eda    00000276     ble_user_config_stack.o (.text.setBleUserConfig)
                  00009150    00000274     OneLib.a : ll_ae.o (.text)
                  000093c4    00000274              : ll_isr.o (.text)
                  00009638    00000268              : ll_isr.o (.text)
                  000098a0    00000260     devinfoservice.o (.text.devInfo_ReadAttrCB)
                  00009b00    0000025c     OneLib.a : ll_common.o (.text)
                  00009d5c    0000025c     StackWrapper.a : gapbondmgr.o (.text)
                  00009fb8    00000254     drivers_cc13x2.a : ECDHCC26X2.c.obj (.text.ECDHCC26X2_hwiFxn)
                  0000a20c    00000244     OneLib.a : ll_data.o (.text)
                  0000a450    00000240     devinfoservice.o (.text.DevInfo_SetParameter)
                  0000a690    00000226     nvocmp.o (.text.NVOCMP_findItem)
                  0000a8b6    00000002     drivers_cc13x2.a : I2C.c.obj (.text.I2C_init)
                  0000a8b8    0000021c     bnoservice.o (.text.Movement_setParameter_bno)
                  0000aad4    00000204     OneLib.a : gattservapp.o (.text)
                  0000acd8    00000202     nvocmp.o (.text.NVOCMP_compactPage)
                  0000aeda    00000200     windservice.o (.text.Wind_WriteAttrCB)
                  0000b0da    000001fe     simple_peripheral.o (.text.OpenWindFlash_Write)
                  0000b2d8    000001fa     ti_sysbios_config.o (.text.ti_sysbios_family_arm_m3_Hwi_excFillContext)
                  0000b4d2    000001f4     nvocmp.o (.text.NVOCMP_addItem)
                  0000b6c6    000001f0     drivers_cc13x2.a : UART2CC26X2.c.obj (.text.UART2CC26X2_hwiIntFxn)
                  0000b8b6    00000002     rom_init.o (.text.MAP_llClearPeriodicScanSets)
                  0000b8b8    000001f0     OneLib.a : ll.o (.text)
                  0000baa8    000001e8     rf_multiMode_cc13x2.a : RFCC26X2_multiMode.c.cc13x2.ticlang.o (.text.RF_scheduleCmd)
                  0000bc90    000001e2     drivers_cc13x2.a : UART2.c.obj (.text.UART2_readTimeout)
                  0000be72    00000006                      : AESCCMCC26XX.c.obj (.text.AESCCM_oneStepDecrypt)
                  0000be78    000001e0     sensortag_wind.o (.text.TrueWind_measNotify)
                  0000c058    000001e0     StackWrapper.a : osal.o (.text)
                  0000c238    000001dc     rf_multiMode_cc13x2.a : RFCC26X2_multiMode.c.cc13x2.ticlang.o (.text.RF_dispatchNextCmd)
                  0000c414    000001dc     OneLib.a : ll_ae.o (.text)
                  0000c5f0    000001dc              : ll_scheduler.o (.text)
                  0000c7cc    000001d8              : ll_ae.o (.text)
                  0000c9a4    000001d0     sensortag_mov.o (.text.appStateSet_mov)
                  0000cb74    000001ce     BQ27441.o (.text.BQ27441_Read_Values)
                  0000cd42    00000002     rom_init.o (.text.MAP_llDmmDynamicFree)
                  0000cd44    000001cc     OneLib.a : ll_ae.o (.text)
                  0000cf10    000001c0     AS5055.o (.text.AS5055_Handle_INT_Read_SPI)
                  0000d0d0    000001b6     libclang_rt.builtins.a : adddf3.S.obj (.text)
                  0000d286    00000002     rom_init.o (.text.MAP_llMaster_TaskEnd)
                  0000d288    000001b4     sensortag_wind.o (.text.SensorTagWind_processCharChangeEvt)
                  0000d43c    000001b2     BNO055.o (.text.bno055_init)
                  0000d5ee    000001b2     BNO055.o (.text.bno055_set_operation_mode)
                  0000d7a0    000001ae     drivers_cc13x2.a : SPICC26X2DMA.c.obj (.text.SPICC26X2DMA_hwiFxn)
                  0000d94e    000001aa     ti_sysbios_config.o (.text.ti_sysbios_knl_TaskSupport_buildTaskStack)
                  0000daf8    000001a8     BNO055.o (.text.bno055_set_axis_remap_value)
                  0000dca0    000001a8     ti_drivers_config.o (.text.rfDriverCallbackAntennaSwitching)
                  0000de48    00000198     ti_sysbios_config.o (.text.ti_sysbios_family_arm_cc26xx_Timer_construct)
                  0000dfe0    00000198     OneLib.a : ll_common.o (.text)
                  0000e178    00000196              : ll_common.o (.text)
                  0000e30e    00000002     rom_init.o (.text.MAP_llProcessPeriodicScanRxFIFO)
                  0000e310    00000194     drivers_cc13x2.a : PowerCC26X2_calibrateRCOSC.c.obj (.text.PowerCC26X2_auxISR)
                  0000e4a4    00000190     OneLib.a : ll_ae.o (.text)
                  0000e634    0000018e     ti_sysbios_config.o (.text.ti_sysbios_knl_Task_Instance_init)
                  0000e7c2    00000002     rom_init.o (.text.MAP_llTerminatePeriodicScan)
                  0000e7c4    00000188     drivers_cc13x2.a : AESECBCC26XX.c.obj (.text.AESECB_addDataInternal)
                  0000e94c    00000188                      : SPICC26X2DMA.c.obj (.text.SPICC26X2DMA_open)
                  0000ead4    00000188     OneLib.a : ll_isr.o (.text)
                  0000ec5c    00000184              : ll_ae.o (.text)
                  0000ede0    00000182     simple_peripheral.o (.text.SimplePeripheral_taskFxn)
                  0000ef62    00000180     icall.o (.text.ICall_waitMatch)
                  0000f0e2    00000002     rf_multiMode_cc13x2.a : rfc.c.cc13x2.ticlang.o (.text.NOROM_RFCCpePatchReset)
                  0000f0e4    0000017c     drivers_cc13x2.a : ECDHCC26X2.c.obj (.text.ECDH_computeSharedSecret)
                  0000f260    0000017c                      : UART2CC26X2.c.obj (.text.UART2_open)
                  0000f3dc    0000017a     icall.o (.text.ICall_heapMalloc)
                  0000f556    00000174     nvocmp.o (.text.NVOCMP_initNvApi)
                  0000f6ca    00000002     rf_multiMode_cc13x2.a : RFCC26X2_multiMode.c.cc13x2.ticlang.o (.text.RF_defaultCallback)
                  0000f6cc    00000174     OneLib.a : gattservapp.o (.text)
                  0000f840    00000174              : ll_scheduler.o (.text)
                  0000f9b4    0000016e     simple_peripheral.o (.text.SimplePeripheral_addConn)
                  0000fb22    00000002     drivers_cc13x2.a : UART2CC26X2.c.obj (.text.UART2CC26X2_eventCallback)
                  0000fb24    0000016c                      : AESCCMCC26XX.c.obj (.text.AESCCM_startOperation)
                  0000fc90    0000016a     simple_peripheral.o (.text.SimplePeripheral_processAppMsg)
                  0000fdfa    00000002     libclang_rt.builtins.a : aeabi_div0.c.obj (.text.__aeabi_ldiv0)
                  0000fdfc    0000016a     bnoservice.o (.text.sensor_ReadAttrCB_bno)
                  0000ff66    00000002     libc.a : _lock.c.obj (.text._nop)
                  0000ff68    00000168     OneLib.a : ll_ae.o (.text)
                  000100d0    00000164     simple_peripheral.o (.text.SimplePeripheral_updatePHYStat)
                  00010234    00000162     StackWrapper.a : osal.o (.text)
                  00010396    00000002     battservice.o (.text.battNotifyLevel)
                  00010398    00000160     drivers_cc13x2.a : SPICC26X2DMA.c.obj (.text.configNextTransfer)
                  000104f8    00000160     nmea0183.o (.text.minmea_sentence_id)
                  00010658    00000158     drivers_cc13x2.a : AESCTRCC26XX.c.obj (.text.AESCTR_processData)
                  000107b0    00000158                      : PowerCC26X2.c.obj (.text.Power_sleep)
                  00010908    00000158     OneLib.a : ll_common.o (.text)
                  00010a60    00000150              : gap_task.o (.text)
                  00010bb0    00000150              : ll_ae.o (.text)
                  00010d00    0000014c     libc.a : strtol.c.obj (.text.strtol)
                  00010e4c    0000014c     OneLib.a : ll_isr.o (.text)
                  00010f98    00000148     rf_multiMode_cc13x2.a : RFCC26X2_multiMode.c.cc13x2.ticlang.o (.text.RF_radioOpDoneCb)
                  000110e0    00000144     StackWrapper.a : gap.o (.text)
                  00011224    00000140     nmea0183.o (.text.minmea_check)
                  00011364    00000140     OneLib.a : gattservapp.o (.text)
                  000114a4    0000013e     ti_sysbios_config.o (.text.PowerCC26XX_standbyPolicy)
                  000115e2    00000002     simple_peripheral.o (.text.clear_watchdog)
                  000115e4    0000013c     drivers_cc13x2.a : I2CCC26XX.c.obj (.text.I2C_open)
                  00011720    0000013c     ti_sysbios_config.o (.text.ti_sysbios_knl_Clock_workFuncDynamic)
                  0001185c    00000138     sensortag_mov.o (.text.read_calibration_values)
                  00011994    00000136     libclang_rt.builtins.a : divdf3.S.obj (.text)
                  00011aca    00000002     drivers_cc13x2.a : PowerCC26X2.c.obj (.text.emptyClockFunc)
                  00011acc    00000134     rf_multiMode_cc13x2.a : RFCC26X2_multiMode.c.cc13x2.ticlang.o (.text.RF_ratSetupChannel)
                  00011c00    00000134     ti_sysbios_config.o (.text.ti_sysbios_knl_Task_setPri)
                  00011d34    00000132     osal_icall_ble.o (.text.osalInitTasks)
                  00011e66    00000002     drivers_cc13x2.a : CryptoResourceCC26XX.c.obj (.text.errorSpin)
                  00011e68    00000130     driverlib.lib : aes.o (.text.NOROM_AESWriteToKeyStore)
                  00011f98    0000012e     nvocmp.o (.text.NVOCMP_erase)
                  000120c6    00000002     drivers_cc13x2.a : PKAResourceCC26XX.c.obj (.text.errorSpin)
                  000120c8    0000012e     YIC71513PGMGG.o (.text.YIC71513PGMGG_uart_parse)
                  000121f6    00000002     ti_sysbios_config.o (.text.ti_sysbios_family_arm_cc26xx_Timer_startup)
                  000121f8    0000012c     rf_multiMode_cc13x2.a : RFCC26X2_multiMode.c.cc13x2.ticlang.o (.text.RF_close)
                  00012324    0000012c                           : RFCC26X2_multiMode.c.cc13x2.ticlang.o (.text.RF_fsmSetupState)
                  00012450    0000012c     drivers_cc13x2.a : TRNGCC26XX.c.obj (.text.TRNGCC26XX_hwiFxn)
                  0001257c    00000126                      : I2C.c.obj (.text.I2C_transferTimeout)
                  000126a2    00000126     simple_peripheral.o (.text.SimplePeripheral_processParamUpdate)
                  000127c8    00000126     BNO055.o (.text.bno055_read_accel_offset)
                  000128ee    00000126     BNO055.o (.text.bno055_read_mag_offset)
                  00012a14    00000124     rf_multiMode_cc13x2.a : RFCC26X2_multiMode.c.cc13x2.ticlang.o (.text.RF_abortCmd)
                  00012b38    00000124     OneLib.a : ll_ae.o (.text)
                  00012c5c    00000122     drivers_cc13x2.a : SPICC26X2DMA.c.obj (.text.SPICC26X2DMA_transferCancel)
                  00012d7e    00000002     ti_sysbios_config.o (.text.ti_sysbios_knl_TaskSupport_init)
                  00012d80    00000120     OneLib.a : ll_ae.o (.text)
                  00012ea0    00000120              : ll_common.o (.text)
                  00012fc0    00000120              : ll_data.o (.text)
                  000130e0    0000011c     sysbios.a : Hwi_asm_gnu.obj (.text.ti_sysbios_family_arm_m3_Hwi_dispatch)
                  000131fc    0000011a     simple_peripheral.o (.text.SimplePeripheral_clearConnListEntry)
                  00013316    00000002     ti_sysbios_config.o (.text.ti_sysbios_runtime_SysCallback_defaultInit)
                  00013318    00000118     drivers_cc13x2.a : PowerCC26X2.c.obj (.text.Power_init)
                  00013430    00000118     rf_multiMode_cc13x2.a : RFCC26X2_multiMode.c.cc13x2.ticlang.o (.text.RF_decodeOverridePointers)
                  00013548    00000118     ti_ble_config.o (.text.setBondManagerParameters)
                  00013660    00000116     icall.o (.text.ICall_heapInit)
                  00013776    00000002     OneLib.a : ll.o (.text)
                  00013778    00000116     sensortag_mov.o (.text.initCharacteristicValue)
                  0001388e    00000114     BNO055.o (.text.bno055_set_remap_x_sign)
                  000139a2    00000114     BNO055.o (.text.bno055_set_remap_y_sign)
                  00013ab6    00000002     OneLib.a : ll.o (.text)
                  00013ab8    00000114              : ll_common.o (.text)
                  00013bcc    00000112     BNO055.o (.text.bno055_set_power_mode)
                  00013cde    00000112     BNO055.o (.text.bno055_set_remap_z_sign)
                  00013df0    00000112     ti_sysbios_config.o (.text.ti_sysbios_knl_Event_pend)
                  00013f02    0000010e     ti_sysbios_config.o (.text.ti_sysbios_knl_Semaphore_pend)
                  00014010    0000010c     drivers_cc13x2.a : ECDHCC26X2.c.obj (.text.ECDH_generatePublicKey)
                  0001411c    0000010c     nvocmp.o (.text.NVOCMP_eraseNvApi)
                  00014228    0000010c     nvocmp.o (.text.NVOCMP_writeItemApi)
                  00014334    0000010c     drivers_cc13x2.a : PowerCC26X2_calibrateRCOSC.c.obj (.text.PowerCC26X2_calibrate)
                  00014440    0000010c     OneLib.a : gatt_client.o (.text)
                  0001454c    0000010a     nvocmp.o (.text.NVOCMP_readHeader)
                  00014656    0000010a     ti_sysbios_config.o (.text.ti_sysbios_knl_Task_Instance_finalize)
                  00014760    00000108     drivers_cc13x2.a : NVSCC26XX.c.obj (.text.NVSCC26XX_write)
                  00014868    00000108     rf_multiMode_cc13x2.a : RFCC26X2_multiMode.c.cc13x2.ticlang.o (.text.RF_fsmPowerUpState)
                  00014970    00000108     OneLib.a : ll_scheduler.o (.text)
                  00014a78    00000104     drivers_cc13x2.a : GPIOCC26X2.c.obj (.text.GPIO_init)
                  00014b7c    00000104                      : UART2CC26X2.c.obj (.text.UART2CC26X2_initHw)
                  00014c80    00000104     OneLib.a : ll_ae.o (.text)
                  00014d84    000000fe     ti_sysbios_config.o (.text.ti_sysbios_family_arm_m3_Hwi_Instance_init)
                  00014e82    000000fe     OneLib.a : ll_scheduler.o (.text)
                  00014f80    000000fc     rf_multiMode_cc13x2.a : RFCC26X2_multiMode.c.cc13x2.ticlang.o (.text.RF_hwiCpe0Active)
                  0001507c    000000fc     nmea0183.o (.text.minmea_parse_gsv)
                  00015178    000000fc     OneLib.a : ll_isr.o (.text)
                  00015274    000000fc     libclang_rt.builtins.a : muldf3.S.obj (.text)
                  00015370    000000f8     drivers_cc13x2.a : TRNGCC26XX.c.obj (.text.TRNG_getRandom)
                  00015468    000000f6                      : AESCTRDRBGXX.c.obj (.text.AESCTRDRBG_getRandomBytes)
                  0001555e    00000002     StackWrapper.a : common_rom_init.o (.text)
                  00015560    000000f4     driverlib.lib : sys_ctrl.o (.text.NOROM_SysCtrlStandby)
                  00015654    000000f4     battservice.o (.text.battReadAttrCB)
                  00015748    000000f4     BNO055.o (.text.bno055_read_euler_hrp)
                  0001583c    000000f0     drivers_cc13x2.a : UART2CC26X2.c.obj (.text.UART2Support_dmaStartRx)
                  0001592c    000000f0     OneLib.a : ll_ae.o (.text)
                  00015a1c    000000ee     ti_sysbios_config.o (.text.ti_sysbios_knl_Clock_startI)
                  00015b0a    00000002     StackWrapper.a : hal_assert.o (.text)
                  00015b0c    000000ec     OneLib.a : gap_advertiser.o (.text)
                  00015bf8    000000ec              : ll_common.o (.text)
                  00015ce4    000000e8     drivers_cc13x2.a : I2CCC26XX.c.obj (.text.I2CCC26XX_hwiFxn)
                  00015dcc    000000e4     driverlib.lib : setup.o (.text.NOROM_SetupTrimDevice)
                  00015eb0    000000e4     nmea0183.o (.text.minmea_parse_vtg)
                  00015f94    000000e4     ti_sysbios_config.o (.text.ti_sysbios_family_arm_m3_Hwi_initNVIC)
                  00016078    000000e4     OneLib.a : gapgattserver.o (.text)
                  0001615c    000000e4              : ll_ae.o (.text)
                  00016240    000000e2     simple_peripheral.o (.text.OpenWind_LED_Task)
                  00016322    000000e2     BNO055.o (.text.bno055_set_intr_rst)
                  00016404    000000e0     nvocmp.o (.text.NVOCMP_compactNvApi)
                  000164e4    000000e0     OneLib.a : ll_scheduler.o (.text)
                  000165c4    000000e0     StackWrapper.a : osal_timers.o (.text)
                  000166a4    000000dc     icall.o (.text.ICall_enrollService)
                  00016780    000000dc     rf_multiMode_cc13x2.a : RFCC26X2_multiMode.c.cc13x2.ticlang.o (.text.RF_control)
                  0001685c    000000dc     ti_sysbios_config.o (.text.ti_sysbios_knl_Task_checkStacks)
                  00016938    000000dc     OneLib.a : ll_ae.o (.text)
                  00016a14    000000da     simple_peripheral.o (.text.SimplePeripheral_processStackMsg)
                  00016aee    000000da     BNO055.o (.text.bno055_read_quaternion_wxyz)
                  00016bc8    000000da     BNO055.o (.text.bno055_set_sys_rst)
                  00016ca2    00000002     StackWrapper.a : hal_assert.o (.text)
                  00016ca4    000000d8     drivers_cc13x2.a : SPICC26X2DMA.c.obj (.text.SPICC26X2DMA_control)
                  00016d7c    000000d8     windservice.o (.text.Wind_ReadAttrCB)
                  00016e54    000000d6     nvocmp.o (.text.NVOCMP_findSignature)
                  00016f2a    000000d6     nvocmp.o (.text.NVOCMP_readItemApi)
                  00017000    000000d4     battservice.o (.text.battMeasure)
                  000170d4    000000d2     icall.o (.text.HEAPMGR_GETLARGESTFREEBUF)
                  000171a6    000000d2     bnoservice.o (.text.Movement_addService_bno)
                  00017278    000000d2     nvocmp.o (.text.NVOCMP_readItem)
                  0001734a    000000d0     icall_cc2650.o (.text.ICallPlatform_pwrUpdActivityCounter)
                  0001741a    000000d0     icall.o (.text.ICall_setTimer)
                  000174ea    00000002     StackWrapper.a : onboard.o (.text)
                  000174ec    000000d0     drivers_cc13x2.a : PowerCC26X2.c.obj (.text.configureXOSCHF)
                  000175bc    000000ce     nvocmp.o (.text.NVOCMP_checkItem)
                  0001768a    00000002     --HOLE-- [fill = 0]
                  0001768c    000000cc     drivers_cc13x2.a : AESCTRDRBGXX.c.obj (.text.AESCTRDRBG_construct)
                  00017758    000000cc     BNO055.o (.text.bno055_read_gravity_xyz)
                  00017824    000000cc     BNO055.o (.text.bno055_read_linear_accel_xyz)
                  000178f0    000000cc     OneLib.a : hci_event.o (.text)
                  000179bc    000000cc     StackWrapper.a : osal.o (.text)
                  00017a88    000000ca     bnoservice.o (.text.Movement_getParameter_bno)
                  00017b52    000000ca     rf_multiMode_cc13x2.a : RFCC26X2_multiMode.c.cc13x2.ticlang.o (.text.RF_updatePaConfiguration)
                  00017c1c    000000ca     nmea0183.o (.text.minmea_parse_gga)
                  00017ce6    000000ca     nmea0183.o (.text.minmea_parse_rmc)
                  00017db0    000000c8     OneLib.a : gap_scanner.o (.text)
                  00017e78    000000c8              : gapgattserver.o (.text)
                  00017f40    000000c8              : ll.o (.text)
                  00018008    000000c8              : ll_ae.o (.text)
                  000180d0    000000c8              : ll_ae.o (.text)
                  00018198    000000c6     drivers_cc13x2.a : AESCTRDRBGXX.c.obj (.text.AESCTRDRBG_reseed)
                  0001825e    000000c6     icall.o (.text.ICall_send)
                  00018324    000000c6     icall.o (.text.ICall_sendServiceComplete)
                  000183ea    000000c6     simple_peripheral.o (.text.OpenWind_setDeviceInfo)
                  000184b0    000000c4     icall.o (.text.ICall_newTask)
                  00018574    000000c4     nvocmp.o (.text.NVOCMP_doNVCRC)
                  00018638    000000c4     driverlib.lib : setup.o (.text.TrimAfterColdResetWakeupFromShutDown)
                  000186fc    000000c2     ti_sysbios_config.o (.text.ti_sysbios_gates_GateMutexPri_enter)
                  000187be    000000c0     icall.o (.text.icall_directAPI)
                  0001887e    000000c0     ti_sysbios_config.o (.text.ti_sysbios_knl_Clock_walkQueueDynamic)
                  0001893e    000000c0     ti_sysbios_config.o (.text.ti_sysbios_knl_Swi_restoreHwi)
                  000189fe    00000002     --HOLE-- [fill = 0]
                  00018a00    000000c0     OneLib.a : ll.o (.text)
                  00018ac0    000000c0              : ll.o (.text)
                  00018b80    000000c0              : ll_common.o (.text)
                  00018c40    000000c0              : ll_isr.o (.text)
                  00018d00    000000be     nvocmp.o (.text.NVOCMP_getDstPage)
                  00018dbe    000000bc     simple_peripheral.o (.text.OpenWind_setAdvertising)
                  00018e7a    00000002     --HOLE-- [fill = 0]
                  00018e7c    000000bc     rf_multiMode_cc13x2.a : RFCC26X2_multiMode.c.cc13x2.ticlang.o (.text.RF_swiHw)
                  00018f38    000000bc     drivers_cc13x2.a : UART2CC26X2.c.obj (.text.UART2Support_dmaStartTx)
                  00018ff4    000000bc     battservice.o (.text.battWriteAttrCB)
                  000190b0    000000bc     ti_sysbios_config.o (.text.ti_sysbios_knl_Task_postInit)
                  0001916c    000000bc     OneLib.a : ble.o (.text)
                  00019228    000000bc              : ll_ecc.o (.text)
                  000192e4    000000bc              : ll_scheduler.o (.text)
                  000193a0    000000b8     SensorI2C.o (.text.SensorI2C_select)
                  00019458    000000b8     ti_sysbios_config.o (.text.ti_sysbios_knl_Swi_Instance_init)
                  00019510    000000b8     OneLib.a : ll_slave_end_causes.o (.text)
                  000195c8    000000b8     StackWrapper.a : gapbondmgr.o (.text)
                  00019680    000000b8                    : gattservapp_util.o (.text)
                  00019738    000000b4     driverlib.lib : osc.o (.text.NOROM_OSCHF_AttemptToSwitchToXosc)
                  000197ec    000000b4     drivers_cc13x2.a : PowerCC26X2.c.obj (.text.Power_releaseDependency)
                  000198a0    000000b4     OneLib.a : ll_ae.o (.text)
                  00019954    000000b2     BNO055.o (.text.bno055_write_page_id)
                  00019a06    000000b0     nvocmp.o (.text.NVOCMP_findOffset)
                  00019ab6    00000002     --HOLE-- [fill = 0]
                  00019ab8    000000b0     drivers_cc13x2.a : PowerCC26X2.c.obj (.text.Power_setDependency)
                  00019b68    000000b0     OneLib.a : ll_enc.o (.text)
                  00019c18    000000b0     StackWrapper.a : gattservapp_util.o (.text)
                  00019cc8    000000b0     libclang_rt.builtins.a : udivmoddi4.S.obj (.text)
                  00019d78    000000ac     icall.o (.text.ICall_getEntityId)
                  00019e24    000000ac     rf_multiMode_cc13x2.a : RFCC26X2_multiMode.c.cc13x2.ticlang.o (.text.RF_pendCmd)
                  00019ed0    000000ac     OneLib.a : ll_ae.o (.text)
                  00019f7c    000000a8     BNO055.o (.text.bno055_get_accel_calib_stat)
                  0001a024    000000a8     BNO055.o (.text.bno055_get_mag_calib_stat)
                  0001a0cc    000000a8     BNO055.o (.text.bno055_get_operation_mode)
                  0001a174    000000a8     OneLib.a : hci_data.o (.text)
                  0001a21c    000000a8              : ll.o (.text)
                  0001a2c4    000000a8              : ll_common.o (.text)
                  0001a36c    000000a8     StackWrapper.a : gapbondmgr.o (.text)
                  0001a414    000000a6     nvocmp.o (.text.NVOCMP_write)
                  0001a4ba    000000a6     nmea0183.o (.text.minmea_parse_zda)
                  0001a560    000000a6     OneLib.a : ll_ae.o (.text)
                  0001a606    00000002     --HOLE-- [fill = 0]
                  0001a608    000000a4     rf_multiMode_cc13x2.a : RFCC26X2_multiMode.c.cc13x2.ticlang.o (.text.RF_initRadioSetup)
                  0001a6ac    000000a4     BNO055.o (.text.bno055_read_chip_id)
                  0001a750    000000a4     ti_sysbios_config.o (.text.ti_sysbios_gates_GateMutexPri_leave)
                  0001a7f4    000000a4     OneLib.a : ll_ae.o (.text)
                  0001a898    000000a4              : ll_ae.o (.text)
                  0001a93c    000000a4     StackWrapper.a : gapbondmgr.o (.text)
                  0001a9e0    000000a4                    : osal_cbtimer.o (.text)
                  0001aa84    000000a2     icall.o (.text.ICall_createRemoteTasksAtRuntime)
                  0001ab26    000000a2     icall.o (.text.ICall_registerApp)
                  0001abc8    000000a2     nvocmp.o (.text.NVOCMP_setPageState)
                  0001ac6a    000000a2     ti_sysbios_config.o (.text.ti_sysbios_knl_TaskSupport_start)
                  0001ad0c    000000a2     ti_sysbios_config.o (.text.ti_sysbios_knl_Task_schedule)
                  0001adae    000000a0     drivers_cc13x2.a : I2CCC26XX.c.obj (.text.I2CCC26XX_swiFxn)
                  0001ae4e    000000a0     icall.o (.text.ICall_wait)
                  0001aeee    00000002     --HOLE-- [fill = 0]
                  0001aef0    000000a0     rf_multiMode_cc13x2.a : RFCC26X2_multiMode.c.cc13x2.ticlang.o (.text.RF_calculateDispatchTime)
                  0001af90    000000a0     OneLib.a : gap_scanner.o (.text)
                  0001b030    000000a0              : gattservapp.o (.text)
                  0001b0d0    000000a0              : ll_common.o (.text)
                  0001b170    000000a0              : ll_scheduler.o (.text)
                  0001b210    0000009e     bsp_spi.o (.text.bspSpiClose)
                  0001b2ae    0000009c     drivers_cc13x2.a : AESCTRCC26XX.c.obj (.text.AESCTR_startOneStepOperation)
                  0001b34a    00000002     --HOLE-- [fill = 0]
                  0001b34c    0000009c     OneLib.a : ll_common.o (.text)
                  0001b3e8    0000009c              : ll_ecc.o (.text)
                  0001b484    0000009a     drivers_cc13x2.a : UART2.c.obj (.text.UART2_writeCancel)
                  0001b51e    00000098     nvocmp.o (.text.NVOCMP_setItemInactive)
                  0001b5b6    00000098     rf_multiMode_cc13x2.a : RFCC26X2_multiMode.c.cc13x2.ticlang.o (.text.RF_defaultSubmitPolicy)
                  0001b64e    00000098     simple_peripheral.o (.text.SimplePeripheral_removeConn)
                  0001b6e6    00000002     --HOLE-- [fill = 0]
                  0001b6e8    00000098     drivers_cc13x2.a : UART2CC26X2.c.obj (.text.UART2_close)
                  0001b780    00000098     OneLib.a : gattservapp.o (.text)
                  0001b818    00000098              : hci_event.o (.text)
                  0001b8b0    00000098              : ll_isr.o (.text)
                  0001b948    00000096     simple_peripheral.o (.text.OpenWind_power_up)
                  0001b9de    00000096     rf_multiMode_cc13x2.a : RFCC26X2_multiMode.c.cc13x2.ticlang.o (.text.RF_verifyGap)
                  0001ba74    00000094     nvocmp.o (.text.NVOCMP_scanPage)
                  0001bb08    00000094     simple_peripheral.o (.text.OpenWind_power_down)
                  0001bb9c    00000094     rf_multiMode_cc13x2.a : RFCC26X2_multiMode.c.cc13x2.ticlang.o (.text.RF_ratRestartChannels)
                  0001bc30    00000094     OneLib.a : gatt_server.o (.text)
                  0001bcc4    00000094              : ll.o (.text)
                  0001bd58    00000094              : ll_common.o (.text)
                  0001bdec    00000094              : ll_scheduler.o (.text)
                  0001be80    00000092     ti_sysbios_config.o (.text.ti_sysbios_knl_Event_post)
                  0001bf12    00000092     OneLib.a : gap_task.o (.text)
                  0001bfa4    00000092              : ll_ae.o (.text)
                  0001c036    00000090     ti_sysbios_config.o (.text.ti_sysbios_knl_Task_sleep)
                  0001c0c6    00000002     --HOLE-- [fill = 0]
                  0001c0c8    00000090     OneLib.a : ll.o (.text)
                  0001c158    00000090              : ll_ae.o (.text)
                  0001c1e8    0000008e     ti_sysbios_config.o (.text.ti_sysbios_family_arm_m3_Hwi_excHandlerMin)
                  0001c276    0000008e     ti_sysbios_config.o (.text.ti_sysbios_knl_Swi_runLoop)
                  0001c304    0000008c     drivers_cc13x2.a : GPIOCC26XX.c.obj (.text.GPIO_setConfig)
                  0001c390    0000008c                      : TRNGCC26XX.c.obj (.text.TRNG_construct)
                  0001c41c    0000008c     ti_sysbios_config.o (.text.ti_sysbios_family_arm_m3_Hwi_construct2)
                  0001c4a8    0000008a     ti_sysbios_config.o (.text.ti_sysbios_knl_Semaphore_post)
                  0001c532    00000002     --HOLE-- [fill = 0]
                  0001c534    00000088     rf_multiMode_cc13x2.a : RFCC26X2_multiMode.c.cc13x2.ticlang.o (.text.RF_cmdDispatchTime)
                  0001c5bc    00000088                           : RFCC26X2_multiMode.c.cc13x2.ticlang.o (.text.RF_discardPendCmd)
                  0001c644    00000088                           : rf_patch_cpe_multi_protocol_rtls.c.cc13x2.ticlang.o (.text.configureMultiProtocolRtlsPatch)
                  0001c6cc    00000088     nmea0183.o (.text.minmea_parse_gst)
                  0001c754    00000088     osal_icall_ble.o (.text.stack_main)
                  0001c7dc    00000088     ti_sysbios_config.o (.text.ti_sysbios_family_arm_m3_Hwi_postInit)
                  0001c864    00000088     OneLib.a : ll_isr.o (.text)
                  0001c8ec    00000088     StackWrapper.a : osal_cbtimer.o (.text)
                  0001c974    00000086     windservice.o (.text.Wind_GetParameter)
                  0001c9fa    00000086     ti_sysbios_config.o (.text.ti_sysbios_runtime_Memory_alloc)
                  0001ca80    00000084     icall.o (.text.ICall_searchTask)
                  0001cb04    00000084     rf_multiMode_cc13x2.a : RFCC26X2_multiMode.c.cc13x2.ticlang.o (.text.RF_getInfo)
                  0001cb88    00000084     ti_sysbios_config.o (.text.ti_sysbios_knl_Task_startup)
                  0001cc0c    00000084     OneLib.a : ll_common.o (.text)
                  0001cc90    00000082     bsp_spi.o (.text.bspSpiOpen)
                  0001cd12    00000082     ti_sysbios_config.o (.text.ti_sysbios_family_arm_m3_Hwi_getStackInfo)
                  0001cd94    00000080     drivers_cc13x2.a : AESCTRCC26XX.c.obj (.text.AESCTR_hwiFxn)
                  0001ce14    00000080     driverlib.lib : sys_ctrl.o (.text.NOROM_SysCtrlSetRechargeBeforePowerDown)
                  0001ce94    00000080     drivers_cc13x2.a : UART2CC26X2.c.obj (.text.UART2Support_dmaStopTx)
                  0001cf14    00000080                      : NVSCC26XX.c.obj (.text.doErase)
                  0001cf94    00000080     OneLib.a : ll_ae.o (.text)
                  0001d014    00000080              : ll_enc.o (.text)
                  0001d094    0000007e     ti_drivers_config.o (.text.Board_sendExtFlashByte)
                  0001d112    0000007e     icall.o (.text.ICall_searchServiceEntity)
[...]
20002918  CONF_TERMINATE_VOLTAGE                                             
20002920  ICall_dispatcher                                                   
20002924  ICall_enterCriticalSection                                         
2000292c  ICall_leaveCriticalSection                                         
20002934  SET_CFGUPDATE                                                      
20002938  Speed_Counter                                                      
2000293c  Speed_Counter_Save                                                 
20002940  Wind_Direction                                                     
20002944  __aeabi_errno                                                      
20002948  _lock                                                              
2000294c  _unlock                                                            
20002950  angle                                                              
20002954  appAssertCback                                                     
20002960  byteAvailable                                                      
20002964  count_samples                                                      
20002978  heapmgrMemFreeTotal                                                
2000297c  i2cHandle                                                          
20002980  icallServiceTblPtr                                                 
20002988  mINTseconds                                                        
2000298c  pRandomAddress                                                     
20002990  pRfErrCb                                                           
20002994  pfnBMAlloc                                                         
20002998  pfnBMFree                                                          
200029b0  ti_sysbios_runtime_Memory_defaultHeapInstance                      
200029b4  patchedSlaveCtrlPktList                                            
200029b8  halAssertCback                                                     
200029bc  WindMastAngleArray_local                                           
200029bf  MAGhasbeenCalibrated                                               
200029c0  MastAngle                                                          
200029c2  OpenWind_COG                                                       
200029c4  OpenWind_SOG                                                       
200029c6  average_current                                                    
200029ca  bleUserCfg_maxPduSize                                              
200029cc  data                                                               
200029ce  pitch_offset                                                       
200029d0  pitch_value                                                        
200029d2  readReturn                                                         
200029d4  remaining_capacity                                                 
200029d6  roll_offset                                                        
200029d8  roll_value                                                         
200029da  state_charge                                                       
200029dc  system_capacity                                                    
200029de  temperature                                                        
200029e0  timeOut                                                            
200029e2  value                                                              
200029e4  voltage                                                            
200029e6  yaw_offset                                                         
200029e8  yaw_value                                                          
200029ea  disconnectImmedConnId                                              
200029ec  llUserConfig_maxPduSize                                            
200029ee  baseTaskID                                                         
200029f3  OpenWind_START_BAT                                                 
200029f4  OpenWind_START_DIRECTION                                           
200029f5  OpenWind_START_GPS                                                 
200029f6  OpenWind_START_MOV                                                 
200029f7  OpenWind_has_Connection                                            
200029f9  PKAResourceCC26XX_pollingFlag                                      
20002a06  Wind_Direction_Scale_Flag                                          
20002a08  allowDebugKeys                                                     
20002a09  argRpaRead                                                         
20002a0a  authenPairingOnly                                                  
20002a0b  autoConnect                                                        
20002a0c  autoSyncWL                                                         
20002a11  bno_low_power                                                      
20002a12  bonding                                                            
20002a13  calibrateMAGBNO                                                    
20002a14  calibrate_pitch                                                    
20002a15  calibrate_roll                                                     
20002a17  check_if_open                                                      
20002a18  check_open                                                         
20002a19  counter_up                                                         
20002a1a  delat_time                                                         
20002a25  eccDebugKeys                                                       
20002a26  eccReGenPolicy                                                     
20002a27  eraseBondWhileInConn                                               
20002a28  error                                                              
20002a29  error_BNO                                                          
20002a2a  error_flag_set                                                     
20002a2b  flagint                                                            
20002a2e  interrupt_clock_active                                             
20002a2f  ioCap                                                              
20002a38  isReading                                                          
20002a39  keep_on                                                            
20002a3a  mitm                                                               
20002a3b  mov_calib_status                                                   
20002a3d  notify_Client                                                      
20002a3e  opmode                                                             
20002a3f  pairMode                                                           
20002a40  parameter_mov                                                      
20002a41  parameter_wind                                                     
20002a42  readCount                                                          
20002a43  removeLRUBond                                                      
20002a44  resetBNO                                                           
20002a45  sameIrkAction                                                      
20002a46  secureConnection                                                   
20002a4c  speed_counter                                                      
20002a4d  ti_sysbios_knl_Idle_initDone                                       
20002a4e  ti_sysbios_runtime_Startup_done                                    
20002a4f  value1                                                             
20002a50  value2                                                             
20002a51  value3                                                             
20002a52  deviceNameCharProps                                                
20002a53  appearanceCharProps                                                
20002a54  periConnParamCharProps                                             
20002a55  centAddrResCharProps                                               
20002a56  centAddrRes                                                        
20002a57  resolvablePrivateAddressOnlyCharProps                              
20002a58  GATTServApp_gatt_no_service_changed                                
20002a5a  qosDefaultPriorityConnParameter                                    
20002a5b  extScanChanMap                                                     
20002a5c  sizeOfAllExtConnParam                                              
20002a5d  rfRatHandle                                                        
20002a5e  smAllowDebugKeysMode                                               
20002a5f  gapEndAppTaskID                                                    
20002a60  gapAppTaskID                                                       
20002a61  legacyMode                                                         
20002a68  spTaskStack                                                        
20002e68  ti_sysbios_knl_Idle_taskStack                                      
20003428  uart2CC26X2Objects                                                 
20003598  i2cCC26xxObjects                                                   
200036d8  rfObject                                                           
200037d8  spiCC26X2DMAObjects                                                
200038d8  ti_sysbios_family_arm_m3_Hwi_dispatchTable                         
20003a70  line                                                               
20003b10  trngCC26XXObjects                                                  
20003b94  gpioCallbackFunctions                                              
20003c10  gpioUserArgs                                                       
20003d04  cbTimers                                                           
20003de8  ti_sysbios_knl_ClockSupport_timerStruct                            
20003e48  spTask                                                             
20003ea0  ti_sysbios_knl_Idle_taskStruct                                     
20003ef8  aesctrdrbgXXObjects                                                
20003f4c  CryptoResourceCC26XX_accessSemaphore                               
20003f9c  CryptoResourceCC26XX_operationSemaphore                            
20003fec  PKAResourceCC26XX_accessSemaphore                                  
2000403c  PKAResourceCC26XX_operationSemaphore                               
2000415c  aesctrCC26XXObjects                                                
200041d8  nvFptrs                                                            
20004214  ti_sysbios_knl_Swi_readyQs                                         
20004244  ti_sysbios_knl_Task_readyQs                                        
20004274  NVOCMP_nvHandle                                                    
200042a4  rfSetup                                                            
200043cc  llCteSamples                                                       
200043f0  aesecbCC26XXObjects                                                
20004414  uartParams                                                         
20004498  req                                                                
200044b8  extInitCmd                                                         
200044d8  extScanCmd                                                         
200044f8  gapBond_remoteOobData                                              
20004518  gapBond_localOobData                                               
20004538  bufRec                                                             
20004558  bufSen                                                             
20004578  ecdhCC26X2Objects                                                  
20004598  ti_sysbios_runtime_System_atexitHandlers                           
200045b8  udmaCC26XXObject                                                   
20004610  llPeriodicAdv                                                      
2000462c  BIOS_heapCallbackObject                                            
20004648  BIOS_rtsGate                                                       
20004664  CryptoResourceCC26XX_hwi                                           
20004680  PKAResourceCC26XX_hwi                                              
2000469c  deviceName                                                         
200046b4  aesccmCC26XXObjects                                                
200046cc  bno055                                                             
2000471c  rfMode                                                             
20004750  llCteTest                                                          
2000475c  cteAntennaProp                                                     
20004768  llTaskList                                                         
2000478c  defaultChannelMap                                                  
20004794  secondaryAdvChannelMap                                             
2000479c  llRfCmdPreemption                                                  
200047ac  accel_offset_flash                                                 
200047b8  actualTime                                                         
200047c0  mag_offset_flash                                                   
200047c8  sensorData2                                                        
200047d0  sensorData2_Copy                                                   
200047d8  gyro_offset_flash                                                  
20004828  ggs_AppCBs                                                         
20004830  BDAddrPerConnHandle                                                
20004834  llCte                                                              
20004838  llConnExtParam                                                     
2000483c  extStackSettings                                                   
20004840  trngHandle                                                         
20004844  LSTORecoveryArr                                                    
20004848  pNextAdvSet                                                        
2000484c  llCurrentMappedChan                                                
20004850  drbgHandle                                                         
20004854  pRpaCfg                                                            
20004858  gapBond_lruBondList                                                
2000485c  gapBondStateNodeHead                                               
20004860  osal_syncHandle                                                    
20004864  osal_icallMsg_hook                                                 
20004868  osal_qHead                                                         
2000486c  osal_max_msecs                                                     
20004870  osal_tickperiod                                                    
20004874  osal_eventloop_hook                                                
20004880  OSAL_timeSeconds                                                   
20004884  timerHead                                                          
2000488c  osal_last_timestamp                                                
20004890  HEAPMGR_SIZE                                                       
20004894  PowerCC26XX_swiKey                                                 
20004898  PowerCC26XX_taskKey                                                
2000489c  bytesRead                                                          
200048a0  tasksEvents                                                        
200048a4  ti_sysbios_family_arm_cc26xx_TimestampProvider_Module_state        
200048a8  ti_sysbios_knl_Task_defaultStackHeap                               
200048ac  uart                                                               
200048b8  appearance                                                         
200048ba  maximumPduSize                                                     
200048be  pwrmgr_attribute                                                   
200048c0  calibrationStatus                                                  
200048c2  dat                                                                
200048c4  myUuid                                                             
200048d3  resolvablePrivateAddressOnly                                       
200048d4  GATTServApp_att_delayed_req                                        
200048d5  hciTaskID                                                          
200048d6  hciL2capTaskID                                                     
200048d7  hciGapTaskID                                                       
200048d8  hciSmpTaskID                                                       
200048d9  hciTestTaskID                                                      
200048da  hciVsEvtMask                                                       
200048db  scanReqRpt                                                         
200048dc  secondaryAdvChannelMapPopCount                                     
200048dd  qosDefaultPriorityAdvParameter                                     
200048de  maxNumCteDataBufs                                                  
200048df  qosDefaultPriorityPerAdvParameter                                  
200048e0  numActiveAdvSets                                                   
200048e1  wlSize                                                             
200048e2  rlSize                                                             
200048e3  decryptResult                                                      
200048e4  llUnhandleNextIntFlag                                              
200048e5  smAuthenPairingOnlyMode                                            
200048e6  icall_liteTaskId                                                   
200048e7  gapBond_removeLRUBond                                              
200048e8  gapBond_syncRL                                                     
200048e9  assertSubcause                                                     
200048ea  osal_entity                                                        
200048eb  pwrmgr_initialized                                                 
200048ec  NVOCMP_size                                                        
200048ed  gAction                                                            
200048ee  input                                                              
200048ef  nvsCC26XXObjects                                                   
200048f0  heapStart                                                          
20013c00  __stack                                                            
20013c00  heapEnd                                                            
20014000  __STACK_END                                                        
20014000  __STACK_TOP                                                        
20014000  __UNUSED_SRAM_end__                                                
ffffffff  __TI_pprof_out_hndl                                                
ffffffff  __TI_prof_data_size                                                
ffffffff  __TI_prof_data_start                                               
ffffffff  __binit__                                                          
ffffffff  binit                                                              
UNDEFED   ITM_flush                                                          
UNDEFED   ITM_restore                                                        
UNDEFED   __c_args__                                                         
UNDEFED   __mpu_init                                                         

[2927 symbols]
